[  246482ms] [INFO] [Clock.WheelDebug] {event: gesture-start, t: 246475.4, gestureId: 8, supportsScrollEnd: true, scrollTop: 288} @ :4
[  246483ms] [INFO] [Clock.WheelDebug] {event: scrollend-received, t: 246476.1, gestureId: 8, supportsScrollEnd: true, sinceLastScrollMs: 0.8} @ :4
[  246483ms] [INFO] [Clock.WheelDebug] {event: snap-evaluate, t: 246476.3, gestureId: 8, supportsScrollEnd: true, source: scrollend} @ :4
[  246484ms] [INFO] [Clock.WheelDebug] {event: snap-target, t: 246477.3, gestureId: 8, supportsScrollEnd: true, centeredIndex: 9} @ :4
[  247481ms] [INFO] [Clock.WheelDebug] {event: gesture-start, t: 247473.6, gestureId: 9, supportsScrollEnd: true, scrollTop: 352} @ :4
[  247481ms] [INFO] [Clock.WheelDebug] {event: scrollend-received, t: 247474, gestureId: 9, supportsScrollEnd: true, sinceLastScrollMs: 0.4} @ :4
[  247481ms] [INFO] [Clock.WheelDebug] {event: snap-evaluate, t: 247474.3, gestureId: 9, supportsScrollEnd: true, source: scrollend} @ :4
[  247482ms] [INFO] [Clock.WheelDebug] {event: snap-target, t: 247474.9, gestureId: 9, supportsScrollEnd: true, centeredIndex: 11} @ :4
[  248481ms] [INFO] [Clock.WheelDebug] {event: gesture-start, t: 248474.6, gestureId: 10, supportsScrollEnd: true, scrollTop: 384} @ http://localhost:5199/@fs/C:/Users/Agustin%20Delgado/Desktop/Agustin/svelte-components/packages/ui/src/lib/clock/hooks/use-wheel-scroll.svelte.ts:65
[  248482ms] [INFO] [Clock.WheelDebug] {event: scrollend-received, t: 248475.3, gestureId: 10, supportsScrollEnd: true, sinceLastScrollMs: 1.2} @ http://localhost:5199/@fs/C:/Users/Agustin%20Delgado/Desktop/Agustin/svelte-components/packages/ui/src/lib/clock/hooks/use-wheel-scroll.svelte.ts:65
[  248483ms] [INFO] [Clock.WheelDebug] {event: snap-evaluate, t: 248476.4, gestureId: 10, supportsScrollEnd: true, source: scrollend} @ http://localhost:5199/@fs/C:/Users/Agustin%20Delgado/Desktop/Agustin/svelte-components/packages/ui/src/lib/clock/hooks/use-wheel-scroll.svelte.ts:65
[  248486ms] [INFO] [Clock.WheelDebug] {event: snap-target, t: 248478.7, gestureId: 10, supportsScrollEnd: true, centeredIndex: 12} @ http://localhost:5199/@fs/C:/Users/Agustin%20Delgado/Desktop/Agustin/svelte-components/packages/ui/src/lib/clock/hooks/use-wheel-scroll.svelte.ts:65
[  278249ms] [INFO] [Clock.WheelDebug] {event: gesture-start, t: 278242, gestureId: 11, supportsScrollEnd: true, scrollTop: 288} @ http://localhost:5199/@fs/C:/Users/Agustin%20Delgado/Desktop/Agustin/svelte-components/packages/ui/src/lib/clock/hooks/use-wheel-scroll.svelte.ts:65
[  278249ms] [INFO] [Clock.WheelDebug] {event: scrollend-received, t: 278242.3, gestureId: 11, supportsScrollEnd: true, sinceLastScrollMs: 0.4} @ http://localhost:5199/@fs/C:/Users/Agustin%20Delgado/Desktop/Agustin/svelte-components/packages/ui/src/lib/clock/hooks/use-wheel-scroll.svelte.ts:65
[  278252ms] [INFO] [Clock.WheelDebug] {event: snap-evaluate, t: 278245.2, gestureId: 11, supportsScrollEnd: true, source: scrollend} @ http://localhost:5199/@fs/C:/Users/Agustin%20Delgado/Desktop/Agustin/svelte-components/packages/ui/src/lib/clock/hooks/use-wheel-scroll.svelte.ts:65
[  278255ms] [INFO] [Clock.WheelDebug] {event: snap-target, t: 278248.5, gestureId: 11, supportsScrollEnd: true, centeredIndex: 9} @ http://localhost:5199/@fs/C:/Users/Agustin%20Delgado/Desktop/Agustin/svelte-components/packages/ui/src/lib/clock/hooks/use-wheel-scroll.svelte.ts:65
[  280262ms] [INFO] [Clock.WheelDebug] {event: gesture-start, t: 280255.6, gestureId: 12, supportsScrollEnd: true, scrollTop: 384} @ http://localhost:5199/@fs/C:/Users/Agustin%20Delgado/Desktop/Agustin/svelte-components/packages/ui/src/lib/clock/hooks/use-wheel-scroll.svelte.ts:65
[  280263ms] [INFO] [Clock.WheelDebug] {event: scrollend-received, t: 280255.9, gestureId: 12, supportsScrollEnd: true, sinceLastScrollMs: 0.6} @ http://localhost:5199/@fs/C:/Users/Agustin%20Delgado/Desktop/Agustin/svelte-components/packages/ui/src/lib/clock/hooks/use-wheel-scroll.svelte.ts:65
[  280263ms] [INFO] [Clock.WheelDebug] {event: snap-evaluate, t: 280256.2, gestureId: 12, supportsScrollEnd: true, source: scrollend} @ http://localhost:5199/@fs/C:/Users/Agustin%20Delgado/Desktop/Agustin/svelte-components/packages/ui/src/lib/clock/hooks/use-wheel-scroll.svelte.ts:65
[  280263ms] [INFO] [Clock.WheelDebug] {event: snap-target, t: 280256.8, gestureId: 12, supportsScrollEnd: true, centeredIndex: 12} @ http://localhost:5199/@fs/C:/Users/Agustin%20Delgado/Desktop/Agustin/svelte-components/packages/ui/src/lib/clock/hooks/use-wheel-scroll.svelte.ts:65
[  281257ms] [INFO] [Clock.WheelDebug] {event: gesture-start, t: 281250.3, gestureId: 13, supportsScrollEnd: true, scrollTop: 512} @ http://localhost:5199/@fs/C:/Users/Agustin%20Delgado/Desktop/Agustin/svelte-components/packages/ui/src/lib/clock/hooks/use-wheel-scroll.svelte.ts:65
[  281257ms] [INFO] [Clock.WheelDebug] {event: scrollend-received, t: 281250.7, gestureId: 13, supportsScrollEnd: true, sinceLastScrollMs: 0.4} @ http://localhost:5199/@fs/C:/Users/Agustin%20Delgado/Desktop/Agustin/svelte-components/packages/ui/src/lib/clock/hooks/use-wheel-scroll.svelte.ts:65
[  281258ms] [INFO] [Clock.WheelDebug] {event: snap-evaluate, t: 281251, gestureId: 13, supportsScrollEnd: true, source: scrollend} @ http://localhost:5199/@fs/C:/Users/Agustin%20Delgado/Desktop/Agustin/svelte-components/packages/ui/src/lib/clock/hooks/use-wheel-scroll.svelte.ts:65
[  281259ms] [INFO] [Clock.WheelDebug] {event: snap-target, t: 281251.8, gestureId: 13, supportsScrollEnd: true, centeredIndex: 16} @ http://localhost:5199/@fs/C:/Users/Agustin%20Delgado/Desktop/Agustin/svelte-components/packages/ui/src/lib/clock/hooks/use-wheel-scroll.svelte.ts:65
[  329035ms] [INFO] [Clock.WheelDebug] {event: gesture-start, t: 329027.8, gestureId: 16, supportsScrollEnd: true, scrollTop: 472} @ http://localhost:5199/@fs/C:/Users/Agustin%20Delgado/Desktop/Agustin/svelte-components/packages/ui/src/lib/clock/hooks/use-wheel-scroll.svelte.ts:65
[  329035ms] [INFO] [Clock.WheelDebug] {event: scrollend-received, t: 329028.1, gestureId: 16, supportsScrollEnd: true, sinceLastScrollMs: 0.7} @ http://localhost:5199/@fs/C:/Users/Agustin%20Delgado/Desktop/Agustin/svelte-components/packages/ui/src/lib/clock/hooks/use-wheel-scroll.svelte.ts:65
[  329035ms] [INFO] [Clock.WheelDebug] {event: snap-evaluate, t: 329028.3, gestureId: 16, supportsScrollEnd: true, source: scrollend} @ http://localhost:5199/@fs/C:/Users/Agustin%20Delgado/Desktop/Agustin/svelte-components/packages/ui/src/lib/clock/hooks/use-wheel-scroll.svelte.ts:65
[  329036ms] [INFO] [Clock.WheelDebug] {event: snap-target, t: 329029.1, gestureId: 16, supportsScrollEnd: true, centeredIndex: 15} @ http://localhost:5199/@fs/C:/Users/Agustin%20Delgado/Desktop/Agustin/svelte-components/packages/ui/src/lib/clock/hooks/use-wheel-scroll.svelte.ts:65
[  329036ms] [INFO] [Clock.WheelDebug] {event: snap-animation-start, t: 329029.5, gestureId: 16, supportsScrollEnd: true, start: 472} @ http://localhost:5199/@fs/C:/Users/Agustin%20Delgado/Desktop/Agustin/svelte-components/packages/ui/src/lib/clock/hooks/use-wheel-scroll.svelte.ts:65
[  330042ms] [INFO] [Clock.WheelDebug] {event: gesture-start, t: 330035.5, gestureId: 17, supportsScrollEnd: true, scrollTop: 471} @ http://localhost:5199/@fs/C:/Users/Agustin%20Delgado/Desktop/Agustin/svelte-components/packages/ui/src/lib/clock/hooks/use-wheel-scroll.svelte.ts:65
[  330043ms] [INFO] [Clock.WheelDebug] {event: scroll-ignored-while-snapping, t: 330035.8, gestureId: 17, supportsScrollEnd: true} @ http://localhost:5199/@fs/C:/Users/Agustin%20Delgado/Desktop/Agustin/svelte-components/packages/ui/src/lib/clock/hooks/use-wheel-scroll.svelte.ts:65
[  330043ms] [INFO] [Clock.WheelDebug] {event: scrollend-ignored-while-snapping, t: 330036.2, gestureId: 17, supportsScrollEnd: true} @ http://localhost:5199/@fs/C:/Users/Agustin%20Delgado/Desktop/Agustin/svelte-components/packages/ui/src/lib/clock/hooks/use-wheel-scroll.svelte.ts:65
[  330045ms] [INFO] [Clock.WheelDebug] {event: snap-animation-end, t: 330038.2, gestureId: 17, supportsScrollEnd: true, elapsedMs: 1008.8} @ http://localhost:5199/@fs/C:/Users/Agustin%20Delgado/Desktop/Agustin/svelte-components/packages/ui/src/lib/clock/hooks/use-wheel-scroll.svelte.ts:65
[  331043ms] [INFO] [Clock.WheelDebug] {event: scroll-ignored-while-snapping, t: 331035.8, gestureId: 17, supportsScrollEnd: true} @ http://localhost:5199/@fs/C:/Users/Agustin%20Delgado/Desktop/Agustin/svelte-components/packages/ui/src/lib/clock/hooks/use-wheel-scroll.svelte.ts:65
[  331043ms] [INFO] [Clock.WheelDebug] {event: scrollend-ignored-while-snapping, t: 331036.3, gestureId: 17, supportsScrollEnd: true} @ http://localhost:5199/@fs/C:/Users/Agustin%20Delgado/Desktop/Agustin/svelte-components/packages/ui/src/lib/clock/hooks/use-wheel-scroll.svelte.ts:65
[  333050ms] [INFO] [Clock.WheelDebug] {event: scrollend-received, t: 333043.5, gestureId: 17, supportsScrollEnd: true, sinceLastScrollMs: 0.1} @ http://localhost:5199/@fs/C:/Users/Agustin%20Delgado/Desktop/Agustin/svelte-components/packages/ui/src/lib/clock/hooks/use-wheel-scroll.svelte.ts:65
[  333051ms] [INFO] [Clock.WheelDebug] {event: snap-evaluate, t: 333044.2, gestureId: 17, supportsScrollEnd: true, source: scrollend} @ http://localhost:5199/@fs/C:/Users/Agustin%20Delgado/Desktop/Agustin/svelte-components/packages/ui/src/lib/clock/hooks/use-wheel-scroll.svelte.ts:65
[  333052ms] [INFO] [Clock.WheelDebug] {event: snap-target, t: 333045.2, gestureId: 17, supportsScrollEnd: true, centeredIndex: 22} @ http://localhost:5199/@fs/C:/Users/Agustin%20Delgado/Desktop/Agustin/svelte-components/packages/ui/src/lib/clock/hooks/use-wheel-scroll.svelte.ts:65
[  333052ms] [INFO] [Clock.WheelDebug] {event: snap-animation-start, t: 333045.4, gestureId: 17, supportsScrollEnd: true, start: 720} @ http://localhost:5199/@fs/C:/Users/Agustin%20Delgado/Desktop/Agustin/svelte-components/packages/ui/src/lib/clock/hooks/use-wheel-scroll.svelte.ts:65
[  334051ms] [INFO] [Clock.WheelDebug] {event: gesture-start, t: 334043.9, gestureId: 18, supportsScrollEnd: true, scrollTop: 735} @ http://localhost:5199/@fs/C:/Users/Agustin%20Delgado/Desktop/Agustin/svelte-components/packages/ui/src/lib/clock/hooks/use-wheel-scroll.svelte.ts:65
[  334053ms] [INFO] [Clock.WheelDebug] {event: scroll-ignored-while-snapping, t: 334045.8, gestureId: 18, supportsScrollEnd: true} @ http://localhost:5199/@fs/C:/Users/Agustin%20Delgado/Desktop/Agustin/svelte-components/packages/ui/src/lib/clock/hooks/use-wheel-scroll.svelte.ts:65
[  334055ms] [INFO] [Clock.WheelDebug] {event: scrollend-ignored-while-snapping, t: 334048, gestureId: 18, supportsScrollEnd: true} @ http://localhost:5199/@fs/C:/Users/Agustin%20Delgado/Desktop/Agustin/svelte-components/packages/ui/src/lib/clock/hooks/use-wheel-scroll.svelte.ts:65
[  334056ms] [INFO] [Clock.WheelDebug] {event: snap-animation-end, t: 334049.1, gestureId: 18, supportsScrollEnd: true, elapsedMs: 1003.6} @ http://localhost:5199/@fs/C:/Users/Agustin%20Delgado/Desktop/Agustin/svelte-components/packages/ui/src/lib/clock/hooks/use-wheel-scroll.svelte.ts:65
[  335051ms] [INFO] [Clock.WheelDebug] {event: scroll-ignored-while-snapping, t: 335044.3, gestureId: 18, supportsScrollEnd: true} @ http://localhost:5199/@fs/C:/Users/Agustin%20Delgado/Desktop/Agustin/svelte-components/packages/ui/src/lib/clock/hooks/use-wheel-scroll.svelte.ts:65
[  335053ms] [INFO] [Clock.WheelDebug] {event: scrollend-ignored-while-snapping, t: 335045.7, gestureId: 18, supportsScrollEnd: true} @ http://localhost:5199/@fs/C:/Users/Agustin%20Delgado/Desktop/Agustin/svelte-components/packages/ui/src/lib/clock/hooks/use-wheel-scroll.svelte.ts:65
[  337060ms] [INFO] [Clock.WheelDebug] {event: scrollend-received, t: 337053, gestureId: 18, supportsScrollEnd: true, sinceLastScrollMs: 0} @ http://localhost:5199/@fs/C:/Users/Agustin%20Delgado/Desktop/Agustin/svelte-components/packages/ui/src/lib/clock/hooks/use-wheel-scroll.svelte.ts:65
[  337062ms] [INFO] [Clock.WheelDebug] {event: snap-evaluate, t: 337054.8, gestureId: 18, supportsScrollEnd: true, source: scrollend} @ http://localhost:5199/@fs/C:/Users/Agustin%20Delgado/Desktop/Agustin/svelte-components/packages/ui/src/lib/clock/hooks/use-wheel-scroll.svelte.ts:65
[  337062ms] [INFO] [Clock.WheelDebug] {event: snap-target, t: 337055.7, gestureId: 18, supportsScrollEnd: true, centeredIndex: 23} @ http://localhost:5199/@fs/C:/Users/Agustin%20Delgado/Desktop/Agustin/svelte-components/packages/ui/src/lib/clock/hooks/use-wheel-scroll.svelte.ts:65
[  337063ms] [INFO] [Clock.WheelDebug] {event: snap-animation-start, t: 337056.1, gestureId: 18, supportsScrollEnd: true, start: 736} @ http://localhost:5199/@fs/C:/Users/Agustin%20Delgado/Desktop/Agustin/svelte-components/packages/ui/src/lib/clock/hooks/use-wheel-scroll.svelte.ts:65
[  338087ms] [INFO] [Clock.WheelDebug] {event: snap-animation-end, t: 338080.5, gestureId: 18, supportsScrollEnd: true, elapsedMs: 1024.4} @ http://localhost:5199/@fs/C:/Users/Agustin%20Delgado/Desktop/Agustin/svelte-components/packages/ui/src/lib/clock/hooks/use-wheel-scroll.svelte.ts:65
[  339087ms] [INFO] [Clock.WheelDebug] {event: gesture-start, t: 339080.1, gestureId: 19, supportsScrollEnd: true, scrollTop: 512} @ http://localhost:5199/@fs/C:/Users/Agustin%20Delgado/Desktop/Agustin/svelte-components/packages/ui/src/lib/clock/hooks/use-wheel-scroll.svelte.ts:65
[  339088ms] [INFO] [Clock.WheelDebug] {event: scroll-ignored-while-snapping, t: 339081, gestureId: 19, supportsScrollEnd: true} @ http://localhost:5199/@fs/C:/Users/Agustin%20Delgado/Desktop/Agustin/svelte-components/packages/ui/src/lib/clock/hooks/use-wheel-scroll.svelte.ts:65
[  339088ms] [INFO] [Clock.WheelDebug] {event: scrollend-ignored-while-snapping, t: 339081.3, gestureId: 19, supportsScrollEnd: true} @ http://localhost:5199/@fs/C:/Users/Agustin%20Delgado/Desktop/Agustin/svelte-components/packages/ui/src/lib/clock/hooks/use-wheel-scroll.svelte.ts:65
[  364619ms] [INFO] [Clock.WheelDebug] {event: scrollend-received, t: 364612.5, gestureId: 1, supportsScrollEnd: true, sinceLastScrollMs: 0} @ http://localhost:5199/@fs/C:/Users/Agustin%20Delgado/Desktop/Agustin/svelte-components/packages/ui/src/lib/clock/hooks/use-wheel-scroll.svelte.ts:65
[  364619ms] [INFO] [Clock.WheelDebug] {event: snap-evaluate, t: 364612.7, gestureId: 1, supportsScrollEnd: true, source: scrollend} @ http://localhost:5199/@fs/C:/Users/Agustin%20Delgado/Desktop/Agustin/svelte-components/packages/ui/src/lib/clock/hooks/use-wheel-scroll.svelte.ts:65
[  364620ms] [INFO] [Clock.WheelDebug] {event: snap-target, t: 364613.2, gestureId: 1, supportsScrollEnd: true, centeredIndex: 7} @ http://localhost:5199/@fs/C:/Users/Agustin%20Delgado/Desktop/Agustin/svelte-components/packages/ui/src/lib/clock/hooks/use-wheel-scroll.svelte.ts:65
[  364620ms] [INFO] [Clock.WheelDebug] {event: snap-animation-start, t: 364613.4, gestureId: 1, supportsScrollEnd: true, start: 232} @ http://localhost:5199/@fs/C:/Users/Agustin%20Delgado/Desktop/Agustin/svelte-components/packages/ui/src/lib/clock/hooks/use-wheel-scroll.svelte.ts:65
[  365621ms] [INFO] [Clock.WheelDebug] {event: gesture-start, t: 365614.6, gestureId: 2, supportsScrollEnd: true, scrollTop: 233} @ http://localhost:5199/@fs/C:/Users/Agustin%20Delgado/Desktop/Agustin/svelte-components/packages/ui/src/lib/clock/hooks/use-wheel-scroll.svelte.ts:65
[  365622ms] [INFO] [Clock.WheelDebug] {event: scroll-ignored-while-snapping, t: 365615.3, gestureId: 2, supportsScrollEnd: true} @ http://localhost:5199/@fs/C:/Users/Agustin%20Delgado/Desktop/Agustin/svelte-components/packages/ui/src/lib/clock/hooks/use-wheel-scroll.svelte.ts:65
[  365622ms] [INFO] [Clock.WheelDebug] {event: scrollend-ignored-while-snapping, t: 365615.6, gestureId: 2, supportsScrollEnd: true} @ http://localhost:5199/@fs/C:/Users/Agustin%20Delgado/Desktop/Agustin/svelte-components/packages/ui/src/lib/clock/hooks/use-wheel-scroll.svelte.ts:65
[  365623ms] [INFO] [Clock.WheelDebug] {event: snap-animation-end, t: 365615.9, gestureId: 2, supportsScrollEnd: true, elapsedMs: 1002.5} @ http://localhost:5199/@fs/C:/Users/Agustin%20Delgado/Desktop/Agustin/svelte-components/packages/ui/src/lib/clock/hooks/use-wheel-scroll.svelte.ts:65
[  366618ms] [INFO] [Clock.WheelDebug] {event: scroll-ignored-while-snapping, t: 366611.5, gestureId: 2, supportsScrollEnd: true} @ http://localhost:5199/@fs/C:/Users/Agustin%20Delgado/Desktop/Agustin/svelte-components/packages/ui/src/lib/clock/hooks/use-wheel-scroll.svelte.ts:65
[  366619ms] [INFO] [Clock.WheelDebug] {event: scrollend-ignored-while-snapping, t: 366611.8, gestureId: 2, supportsScrollEnd: true} @ http://localhost:5199/@fs/C:/Users/Agustin%20Delgado/Desktop/Agustin/svelte-components/packages/ui/src/lib/clock/hooks/use-wheel-scroll.svelte.ts:65
[  368636ms] [INFO] [Clock.WheelDebug] {event: scrollend-received, t: 368629.1, gestureId: 2, supportsScrollEnd: true, sinceLastScrollMs: 0.1} @ http://localhost:5199/@fs/C:/Users/Agustin%20Delgado/Desktop/Agustin/svelte-components/packages/ui/src/lib/clock/hooks/use-wheel-scroll.svelte.ts:65
[  368636ms] [INFO] [Clock.WheelDebug] {event: snap-evaluate, t: 368629.5, gestureId: 2, supportsScrollEnd: true, source: scrollend} @ http://localhost:5199/@fs/C:/Users/Agustin%20Delgado/Desktop/Agustin/svelte-components/packages/ui/src/lib/clock/hooks/use-wheel-scroll.svelte.ts:65
[  368637ms] [INFO] [Clock.WheelDebug] {event: snap-target, t: 368630.3, gestureId: 2, supportsScrollEnd: true, centeredIndex: 11} @ http://localhost:5199/@fs/C:/Users/Agustin%20Delgado/Desktop/Agustin/svelte-components/packages/ui/src/lib/clock/hooks/use-wheel-scroll.svelte.ts:65
[  457923ms] [INFO] [Clock.WheelDebug] {event: gesture-start, t: 457916.1, gestureId: 1, supportsScrollEnd: true, scrollTop: 448} @ http://localhost:5199/@fs/C:/Users/Agustin%20Delgado/Desktop/Agustin/svelte-components/packages/ui/src/lib/clock/hooks/use-wheel-scroll.svelte.ts:65
[  457923ms] [INFO] [Clock.WheelDebug] {event: scroll-ignored-while-snapping, t: 457916.6, gestureId: 1, supportsScrollEnd: true} @ http://localhost:5199/@fs/C:/Users/Agustin%20Delgado/Desktop/Agustin/svelte-components/packages/ui/src/lib/clock/hooks/use-wheel-scroll.svelte.ts:65
[  457924ms] [INFO] [Clock.WheelDebug] {event: scrollend-ignored-while-snapping, t: 457916.7, gestureId: 1, supportsScrollEnd: true} @ http://localhost:5199/@fs/C:/Users/Agustin%20Delgado/Desktop/Agustin/svelte-components/packages/ui/src/lib/clock/hooks/use-wheel-scroll.svelte.ts:65
[  457924ms] [INFO] [Clock.WheelDebug] {event: gesture-start, t: 457917, gestureId: 1, supportsScrollEnd: true, scrollTop: 960} @ http://localhost:5199/@fs/C:/Users/Agustin%20Delgado/Desktop/Agustin/svelte-components/packages/ui/src/lib/clock/hooks/use-wheel-scroll.svelte.ts:65
[  457924ms] [INFO] [Clock.WheelDebug] {event: scroll-ignored-while-snapping, t: 457917.2, gestureId: 1, supportsScrollEnd: true} @ http://localhost:5199/@fs/C:/Users/Agustin%20Delgado/Desktop/Agustin/svelte-components/packages/ui/src/lib/clock/hooks/use-wheel-scroll.svelte.ts:65
[  457924ms] [INFO] [Clock.WheelDebug] {event: scrollend-ignored-while-snapping, t: 457917.2, gestureId: 1, supportsScrollEnd: true} @ http://localhost:5199/@fs/C:/Users/Agustin%20Delgado/Desktop/Agustin/svelte-components/packages/ui/src/lib/clock/hooks/use-wheel-scroll.svelte.ts:65
[  457925ms] [INFO] [Clock.WheelDebug] {event: gesture-start, t: 457917.8, gestureId: 1, supportsScrollEnd: true, scrollTop: 480} @ http://localhost:5199/@fs/C:/Users/Agustin%20Delgado/Desktop/Agustin/svelte-components/packages/ui/src/lib/clock/hooks/use-wheel-scroll.svelte.ts:65
[  457925ms] [INFO] [Clock.WheelDebug] {event: scroll-ignored-while-snapping, t: 457918.1, gestureId: 1, supportsScrollEnd: true} @ http://localhost:5199/@fs/C:/Users/Agustin%20Delgado/Desktop/Agustin/svelte-components/packages/ui/src/lib/clock/hooks/use-wheel-scroll.svelte.ts:65
[  457925ms] [INFO] [Clock.WheelDebug] {event: scrollend-ignored-while-snapping, t: 457918.3, gestureId: 1, supportsScrollEnd: true} @ http://localhost:5199/@fs/C:/Users/Agustin%20Delgado/Desktop/Agustin/svelte-components/packages/ui/src/lib/clock/hooks/use-wheel-scroll.svelte.ts:65
[  457925ms] [INFO] [Clock.WheelDebug] {event: gesture-start, t: 457918.4, gestureId: 1, supportsScrollEnd: true, scrollTop: 960} @ http://localhost:5199/@fs/C:/Users/Agustin%20Delgado/Desktop/Agustin/svelte-components/packages/ui/src/lib/clock/hooks/use-wheel-scroll.svelte.ts:65
[  457925ms] [INFO] [Clock.WheelDebug] {event: scroll-ignored-while-snapping, t: 457918.7, gestureId: 1, supportsScrollEnd: true} @ http://localhost:5199/@fs/C:/Users/Agustin%20Delgado/Desktop/Agustin/svelte-components/packages/ui/src/lib/clock/hooks/use-wheel-scroll.svelte.ts:65
[  457926ms] [INFO] [Clock.WheelDebug] {event: scrollend-ignored-while-snapping, t: 457918.8, gestureId: 1, supportsScrollEnd: true} @ http://localhost:5199/@fs/C:/Users/Agustin%20Delgado/Desktop/Agustin/svelte-components/packages/ui/src/lib/clock/hooks/use-wheel-scroll.svelte.ts:65
[  457926ms] [INFO] [Clock.WheelDebug] {event: gesture-start, t: 457919, gestureId: 1, supportsScrollEnd: true, scrollTop: 280} @ http://localhost:5199/@fs/C:/Users/Agustin%20Delgado/Desktop/Agustin/svelte-components/packages/ui/src/lib/clock/hooks/use-wheel-scroll.svelte.ts:65
[  457926ms] [INFO] [Clock.WheelDebug] {event: scroll-ignored-while-snapping, t: 457919.2, gestureId: 1, supportsScrollEnd: true} @ http://localhost:5199/@fs/C:/Users/Agustin%20Delgado/Desktop/Agustin/svelte-components/packages/ui/src/lib/clock/hooks/use-wheel-scroll.svelte.ts:65
[  457926ms] [INFO] [Clock.WheelDebug] {event: scrollend-ignored-while-snapping, t: 457919.4, gestureId: 1, supportsScrollEnd: true} @ http://localhost:5199/@fs/C:/Users/Agustin%20Delgado/Desktop/Agustin/svelte-components/packages/ui/src/lib/clock/hooks/use-wheel-scroll.svelte.ts:65
[  457929ms] [INFO] [Clock.WheelDebug] {event: gesture-start, t: 457921.9, gestureId: 1, supportsScrollEnd: true, scrollTop: 1440} @ http://localhost:5199/@fs/C:/Users/Agustin%20Delgado/Desktop/Agustin/svelte-components/packages/ui/src/lib/clock/hooks/use-wheel-scroll.svelte.ts:65
[  457929ms] [INFO] [Clock.WheelDebug] {event: scroll-ignored-while-snapping, t: 457922.1, gestureId: 1, supportsScrollEnd: true} @ http://localhost:5199/@fs/C:/Users/Agustin%20Delgado/Desktop/Agustin/svelte-components/packages/ui/src/lib/clock/hooks/use-wheel-scroll.svelte.ts:65
[  457929ms] [INFO] [Clock.WheelDebug] {event: scrollend-ignored-while-snapping, t: 457922.3, gestureId: 1, supportsScrollEnd: true} @ http://localhost:5199/@fs/C:/Users/Agustin%20Delgado/Desktop/Agustin/svelte-components/packages/ui/src/lib/clock/hooks/use-wheel-scroll.svelte.ts:65
[  458918ms] [INFO] [Clock.WheelDebug] {event: scroll-ignored-while-snapping, t: 458911.6, gestureId: 1, supportsScrollEnd: true} @ http://localhost:5199/@fs/C:/Users/Agustin%20Delgado/Desktop/Agustin/svelte-components/packages/ui/src/lib/clock/hooks/use-wheel-scroll.svelte.ts:65
[  458919ms] [INFO] [Clock.WheelDebug] {event: scrollend-ignored-while-snapping, t: 458912.5, gestureId: 1, supportsScrollEnd: true} @ http://localhost:5199/@fs/C:/Users/Agustin%20Delgado/Desktop/Agustin/svelte-components/packages/ui/src/lib/clock/hooks/use-wheel-scroll.svelte.ts:65
[  458919ms] [INFO] [Clock.WheelDebug] {event: gesture-start, t: 458912.7, gestureId: 1, supportsScrollEnd: true, scrollTop: 32} @ http://localhost:5199/@fs/C:/Users/Agustin%20Delgado/Desktop/Agustin/svelte-components/packages/ui/src/lib/clock/hooks/use-wheel-scroll.svelte.ts:65
[  458920ms] [INFO] [Clock.WheelDebug] {event: scroll-ignored-while-snapping, t: 458912.9, gestureId: 1, supportsScrollEnd: true} @ http://localhost:5199/@fs/C:/Users/Agustin%20Delgado/Desktop/Agustin/svelte-components/packages/ui/src/lib/clock/hooks/use-wheel-scroll.svelte.ts:65
[  458920ms] [INFO] [Clock.WheelDebug] {event: scrollend-ignored-while-snapping, t: 458913, gestureId: 1, supportsScrollEnd: true} @ http://localhost:5199/@fs/C:/Users/Agustin%20Delgado/Desktop/Agustin/svelte-components/packages/ui/src/lib/clock/hooks/use-wheel-scroll.svelte.ts:65
[  465733ms] [INFO] [Clock.WheelDebug] {event: gesture-start, t: 465726.3, gestureId: 1, supportsScrollEnd: true, scrollTop: 448} @ http://localhost:5199/@fs/C:/Users/Agustin%20Delgado/Desktop/Agustin/svelte-components/packages/ui/src/lib/clock/hooks/use-wheel-scroll.svelte.ts:65
[  465735ms] [INFO] [Clock.WheelDebug] {event: scroll-ignored-while-snapping, t: 465726.9, gestureId: 1, supportsScrollEnd: true} @ http://localhost:5199/@fs/C:/Users/Agustin%20Delgado/Desktop/Agustin/svelte-components/packages/ui/src/lib/clock/hooks/use-wheel-scroll.svelte.ts:65
[  465736ms] [INFO] [Clock.WheelDebug] {event: scrollend-ignored-while-snapping, t: 465729, gestureId: 1, supportsScrollEnd: true} @ http://localhost:5199/@fs/C:/Users/Agustin%20Delgado/Desktop/Agustin/svelte-components/packages/ui/src/lib/clock/hooks/use-wheel-scroll.svelte.ts:65
[  465736ms] [INFO] [Clock.WheelDebug] {event: gesture-start, t: 465729.2, gestureId: 1, supportsScrollEnd: true, scrollTop: 960} @ http://localhost:5199/@fs/C:/Users/Agustin%20Delgado/Desktop/Agustin/svelte-components/packages/ui/src/lib/clock/hooks/use-wheel-scroll.svelte.ts:65
[  465742ms] [INFO] [Clock.WheelDebug] {event: scroll-ignored-while-snapping, t: 465735.3, gestureId: 1, supportsScrollEnd: true} @ http://localhost:5199/@fs/C:/Users/Agustin%20Delgado/Desktop/Agustin/svelte-components/packages/ui/src/lib/clock/hooks/use-wheel-scroll.svelte.ts:65
[  465743ms] [INFO] [Clock.WheelDebug] {event: scrollend-ignored-while-snapping, t: 465736.2, gestureId: 1, supportsScrollEnd: true} @ http://localhost:5199/@fs/C:/Users/Agustin%20Delgado/Desktop/Agustin/svelte-components/packages/ui/src/lib/clock/hooks/use-wheel-scroll.svelte.ts:65
[  465743ms] [INFO] [Clock.WheelDebug] {event: gesture-start, t: 465736.6, gestureId: 1, supportsScrollEnd: true, scrollTop: 480} @ http://localhost:5199/@fs/C:/Users/Agustin%20Delgado/Desktop/Agustin/svelte-components/packages/ui/src/lib/clock/hooks/use-wheel-scroll.svelte.ts:65
[  465747ms] [INFO] [Clock.WheelDebug] {event: scroll-ignored-while-snapping, t: 465740.1, gestureId: 1, supportsScrollEnd: true} @ http://localhost:5199/@fs/C:/Users/Agustin%20Delgado/Desktop/Agustin/svelte-components/packages/ui/src/lib/clock/hooks/use-wheel-scroll.svelte.ts:65
[  465747ms] [INFO] [Clock.WheelDebug] {event: scrollend-ignored-while-snapping, t: 465740.3, gestureId: 1, supportsScrollEnd: true} @ http://localhost:5199/@fs/C:/Users/Agustin%20Delgado/Desktop/Agustin/svelte-components/packages/ui/src/lib/clock/hooks/use-wheel-scroll.svelte.ts:65
[  465751ms] [INFO] [Clock.WheelDebug] {event: gesture-start, t: 465744.1, gestureId: 1, supportsScrollEnd: true, scrollTop: 960} @ http://localhost:5199/@fs/C:/Users/Agustin%20Delgado/Desktop/Agustin/svelte-components/packages/ui/src/lib/clock/hooks/use-wheel-scroll.svelte.ts:65
[  465751ms] [INFO] [Clock.WheelDebug] {event: scroll-ignored-while-snapping, t: 465744.5, gestureId: 1, supportsScrollEnd: true} @ http://localhost:5199/@fs/C:/Users/Agustin%20Delgado/Desktop/Agustin/svelte-components/packages/ui/src/lib/clock/hooks/use-wheel-scroll.svelte.ts:65
[  465751ms] [INFO] [Clock.WheelDebug] {event: scrollend-ignored-while-snapping, t: 465744.7, gestureId: 1, supportsScrollEnd: true} @ http://localhost:5199/@fs/C:/Users/Agustin%20Delgado/Desktop/Agustin/svelte-components/packages/ui/src/lib/clock/hooks/use-wheel-scroll.svelte.ts:65
[  465752ms] [INFO] [Clock.WheelDebug] {event: gesture-start, t: 465744.9, gestureId: 1, supportsScrollEnd: true, scrollTop: 280} @ http://localhost:5199/@fs/C:/Users/Agustin%20Delgado/Desktop/Agustin/svelte-components/packages/ui/src/lib/clock/hooks/use-wheel-scroll.svelte.ts:65
[  465752ms] [INFO] [Clock.WheelDebug] {event: scroll-ignored-while-snapping, t: 465745, gestureId: 1, supportsScrollEnd: true} @ http://localhost:5199/@fs/C:/Users/Agustin%20Delgado/Desktop/Agustin/svelte-components/packages/ui/src/lib/clock/hooks/use-wheel-scroll.svelte.ts:65
[  465752ms] [INFO] [Clock.WheelDebug] {event: scrollend-ignored-while-snapping, t: 465745.5, gestureId: 1, supportsScrollEnd: true} @ http://localhost:5199/@fs/C:/Users/Agustin%20Delgado/Desktop/Agustin/svelte-components/packages/ui/src/lib/clock/hooks/use-wheel-scroll.svelte.ts:65
[  465752ms] [INFO] [Clock.WheelDebug] {event: gesture-start, t: 465745.7, gestureId: 1, supportsScrollEnd: true, scrollTop: 1440} @ http://localhost:5199/@fs/C:/Users/Agustin%20Delgado/Desktop/Agustin/svelte-components/packages/ui/src/lib/clock/hooks/use-wheel-scroll.svelte.ts:65
[  465753ms] [INFO] [Clock.WheelDebug] {event: scroll-ignored-while-snapping, t: 465745.8, gestureId: 1, supportsScrollEnd: true} @ http://localhost:5199/@fs/C:/Users/Agustin%20Delgado/Desktop/Agustin/svelte-components/packages/ui/src/lib/clock/hooks/use-wheel-scroll.svelte.ts:65
[  465755ms] [INFO] [Clock.WheelDebug] {event: scrollend-ignored-while-snapping, t: 465748.4, gestureId: 1, supportsScrollEnd: true} @ http://localhost:5199/@fs/C:/Users/Agustin%20Delgado/Desktop/Agustin/svelte-components/packages/ui/src/lib/clock/hooks/use-wheel-scroll.svelte.ts:65
[  466512ms] [INFO] [Clock.WheelDebug] {event: scroll-ignored-while-snapping, t: 466505.1, gestureId: 1, supportsScrollEnd: true} @ http://localhost:5199/@fs/C:/Users/Agustin%20Delgado/Desktop/Agustin/svelte-components/packages/ui/src/lib/clock/hooks/use-wheel-scroll.svelte.ts:65
[  466513ms] [INFO] [Clock.WheelDebug] {event: scrollend-ignored-while-snapping, t: 466506.4, gestureId: 1, supportsScrollEnd: true} @ http://localhost:5199/@fs/C:/Users/Agustin%20Delgado/Desktop/Agustin/svelte-components/packages/ui/src/lib/clock/hooks/use-wheel-scroll.svelte.ts:65
[  466513ms] [INFO] [Clock.WheelDebug] {event: gesture-start, t: 466506.6, gestureId: 1, supportsScrollEnd: true, scrollTop: 32} @ http://localhost:5199/@fs/C:/Users/Agustin%20Delgado/Desktop/Agustin/svelte-components/packages/ui/src/lib/clock/hooks/use-wheel-scroll.svelte.ts:65
[  466514ms] [INFO] [Clock.WheelDebug] {event: scroll-ignored-while-snapping, t: 466506.8, gestureId: 1, supportsScrollEnd: true} @ http://localhost:5199/@fs/C:/Users/Agustin%20Delgado/Desktop/Agustin/svelte-components/packages/ui/src/lib/clock/hooks/use-wheel-scroll.svelte.ts:65
[  466514ms] [INFO] [Clock.WheelDebug] {event: scrollend-ignored-while-snapping, t: 466507, gestureId: 1, supportsScrollEnd: true} @ http://localhost:5199/@fs/C:/Users/Agustin%20Delgado/Desktop/Agustin/svelte-components/packages/ui/src/lib/clock/hooks/use-wheel-scroll.svelte.ts:65
[  488456ms] [INFO] [Clock.WheelDebug] {event: gesture-start, t: 488449.6, gestureId: 1, supportsScrollEnd: true, scrollTop: 448} @ http://localhost:5199/@fs/C:/Users/Agustin%20Delgado/Desktop/Agustin/svelte-components/packages/ui/src/lib/clock/hooks/use-wheel-scroll.svelte.ts:65
[  488457ms] [INFO] [Clock.WheelDebug] {event: scroll-ignored-while-snapping, t: 488449.9, gestureId: 1, supportsScrollEnd: true} @ http://localhost:5199/@fs/C:/Users/Agustin%20Delgado/Desktop/Agustin/svelte-components/packages/ui/src/lib/clock/hooks/use-wheel-scroll.svelte.ts:65
[  488457ms] [INFO] [Clock.WheelDebug] {event: scrollend-ignored-while-snapping, t: 488450.1, gestureId: 1, supportsScrollEnd: true} @ http://localhost:5199/@fs/C:/Users/Agustin%20Delgado/Desktop/Agustin/svelte-components/packages/ui/src/lib/clock/hooks/use-wheel-scroll.svelte.ts:65
[  488463ms] [INFO] [Clock.WheelDebug] {event: gesture-start, t: 488456.5, gestureId: 1, supportsScrollEnd: true, scrollTop: 960} @ http://localhost:5199/@fs/C:/Users/Agustin%20Delgado/Desktop/Agustin/svelte-components/packages/ui/src/lib/clock/hooks/use-wheel-scroll.svelte.ts:65
[  488464ms] [INFO] [Clock.WheelDebug] {event: scroll-ignored-while-snapping, t: 488457.2, gestureId: 1, supportsScrollEnd: true} @ http://localhost:5199/@fs/C:/Users/Agustin%20Delgado/Desktop/Agustin/svelte-components/packages/ui/src/lib/clock/hooks/use-wheel-scroll.svelte.ts:65
[  488465ms] [INFO] [Clock.WheelDebug] {event: scrollend-ignored-while-snapping, t: 488458.6, gestureId: 1, supportsScrollEnd: true} @ http://localhost:5199/@fs/C:/Users/Agustin%20Delgado/Desktop/Agustin/svelte-components/packages/ui/src/lib/clock/hooks/use-wheel-scroll.svelte.ts:65
[  488466ms] [INFO] [Clock.WheelDebug] {event: gesture-start, t: 488459.3, gestureId: 1, supportsScrollEnd: true, scrollTop: 480} @ http://localhost:5199/@fs/C:/Users/Agustin%20Delgado/Desktop/Agustin/svelte-components/packages/ui/src/lib/clock/hooks/use-wheel-scroll.svelte.ts:65
[  488466ms] [INFO] [Clock.WheelDebug] {event: scroll-ignored-while-snapping, t: 488459.5, gestureId: 1, supportsScrollEnd: true} @ http://localhost:5199/@fs/C:/Users/Agustin%20Delgado/Desktop/Agustin/svelte-components/packages/ui/src/lib/clock/hooks/use-wheel-scroll.svelte.ts:65
[  488466ms] [INFO] [Clock.WheelDebug] {event: scrollend-ignored-while-snapping, t: 488459.6, gestureId: 1, supportsScrollEnd: true} @ http://localhost:5199/@fs/C:/Users/Agustin%20Delgado/Desktop/Agustin/svelte-components/packages/ui/src/lib/clock/hooks/use-wheel-scroll.svelte.ts:65
[  488466ms] [INFO] [Clock.WheelDebug] {event: gesture-start, t: 488459.7, gestureId: 1, supportsScrollEnd: true, scrollTop: 960} @ http://localhost:5199/@fs/C:/Users/Agustin%20Delgado/Desktop/Agustin/svelte-components/packages/ui/src/lib/clock/hooks/use-wheel-scroll.svelte.ts:65
[  488467ms] [INFO] [Clock.WheelDebug] {event: scroll-ignored-while-snapping, t: 488459.9, gestureId: 1, supportsScrollEnd: true} @ http://localhost:5199/@fs/C:/Users/Agustin%20Delgado/Desktop/Agustin/svelte-components/packages/ui/src/lib/clock/hooks/use-wheel-scroll.svelte.ts:65
[  488467ms] [INFO] [Clock.WheelDebug] {event: scrollend-ignored-while-snapping, t: 488460.1, gestureId: 1, supportsScrollEnd: true} @ http://localhost:5199/@fs/C:/Users/Agustin%20Delgado/Desktop/Agustin/svelte-components/packages/ui/src/lib/clock/hooks/use-wheel-scroll.svelte.ts:65
[  488467ms] [INFO] [Clock.WheelDebug] {event: gesture-start, t: 488460.3, gestureId: 1, supportsScrollEnd: true, scrollTop: 280} @ http://localhost:5199/@fs/C:/Users/Agustin%20Delgado/Desktop/Agustin/svelte-components/packages/ui/src/lib/clock/hooks/use-wheel-scroll.svelte.ts:65
[  488467ms] [INFO] [Clock.WheelDebug] {event: scroll-ignored-while-snapping, t: 488460.4, gestureId: 1, supportsScrollEnd: true} @ http://localhost:5199/@fs/C:/Users/Agustin%20Delgado/Desktop/Agustin/svelte-components/packages/ui/src/lib/clock/hooks/use-wheel-scroll.svelte.ts:65
[  488468ms] [INFO] [Clock.WheelDebug] {event: scrollend-ignored-while-snapping, t: 488461, gestureId: 1, supportsScrollEnd: true} @ http://localhost:5199/@fs/C:/Users/Agustin%20Delgado/Desktop/Agustin/svelte-components/packages/ui/src/lib/clock/hooks/use-wheel-scroll.svelte.ts:65
[  488484ms] [INFO] [Clock.WheelDebug] {event: gesture-start, t: 488476.8, gestureId: 1, supportsScrollEnd: true, scrollTop: 1440} @ http://localhost:5199/@fs/C:/Users/Agustin%20Delgado/Desktop/Agustin/svelte-components/packages/ui/src/lib/clock/hooks/use-wheel-scroll.svelte.ts:65
[  488484ms] [INFO] [Clock.WheelDebug] {event: scroll-ignored-while-snapping, t: 488477.3, gestureId: 1, supportsScrollEnd: true} @ http://localhost:5199/@fs/C:/Users/Agustin%20Delgado/Desktop/Agustin/svelte-components/packages/ui/src/lib/clock/hooks/use-wheel-scroll.svelte.ts:65
[  488484ms] [INFO] [Clock.WheelDebug] {event: scrollend-ignored-while-snapping, t: 488477.6, gestureId: 1, supportsScrollEnd: true} @ http://localhost:5199/@fs/C:/Users/Agustin%20Delgado/Desktop/Agustin/svelte-components/packages/ui/src/lib/clock/hooks/use-wheel-scroll.svelte.ts:65
[  488627ms] [INFO] [Clock.WheelDebug] {event: scroll-ignored-while-snapping, t: 488620.3, gestureId: 1, supportsScrollEnd: true} @ http://localhost:5199/@fs/C:/Users/Agustin%20Delgado/Desktop/Agustin/svelte-components/packages/ui/src/lib/clock/hooks/use-wheel-scroll.svelte.ts:65
[  488627ms] [INFO] [Clock.WheelDebug] {event: scrollend-ignored-while-snapping, t: 488620.6, gestureId: 1, supportsScrollEnd: true} @ http://localhost:5199/@fs/C:/Users/Agustin%20Delgado/Desktop/Agustin/svelte-components/packages/ui/src/lib/clock/hooks/use-wheel-scroll.svelte.ts:65
[  488636ms] [INFO] [Clock.WheelDebug] {event: gesture-start, t: 488629.3, gestureId: 1, supportsScrollEnd: true, scrollTop: 32} @ http://localhost:5199/@fs/C:/Users/Agustin%20Delgado/Desktop/Agustin/svelte-components/packages/ui/src/lib/clock/hooks/use-wheel-scroll.svelte.ts:65
[  488636ms] [INFO] [Clock.WheelDebug] {event: scroll-ignored-while-snapping, t: 488629.6, gestureId: 1, supportsScrollEnd: true} @ http://localhost:5199/@fs/C:/Users/Agustin%20Delgado/Desktop/Agustin/svelte-components/packages/ui/src/lib/clock/hooks/use-wheel-scroll.svelte.ts:65
[  488637ms] [INFO] [Clock.WheelDebug] {event: scrollend-ignored-while-snapping, t: 488629.8, gestureId: 1, supportsScrollEnd: true} @ http://localhost:5199/@fs/C:/Users/Agustin%20Delgado/Desktop/Agustin/svelte-components/packages/ui/src/lib/clock/hooks/use-wheel-scroll.svelte.ts:65
[  503113ms] ReferenceError: getCandidateFromPartial is not defined

	in <unknown>
	in clock-root.svelte
	in bounds.svelte
	in demo.svelte
	in index.md
	in +page.svelte
	in surface.svelte
	in content.svelte
	in body.svelte
	in surface.svelte
	in root.svelte
	in docs-shell.svelte
	in +layout.svelte
	in +layout.svelte
	in root.svelte
	in undefined

    at http://localhost:5199/@fs/C:/Users/Agustin%20Delgado/Desktop/Agustin/svelte-components/packages/ui/src/lib/clock/root/wheel-options.ts?t=1785446420350:45:25
    at buildWheelOptions (http://localhost:5199/@fs/C:/Users/Agustin%20Delgado/Desktop/Agustin/svelte-components/packages/ui/src/lib/clock/root/wheel-options.ts?t=1785446420350:49:7)
    at Object.getWheelOptions (http://localhost:5199/@fs/C:/Users/Agustin%20Delgado/Desktop/Agustin/svelte-components/packages/ui/src/lib/clock/root/create-time-selection-state.svelte.ts?t=1785446420350:331:10)
    at http://localhost:5199/@fs/C:/Users/Agustin%20Delgado/Desktop/Agustin/svelte-components/packages/ui/src/lib/clock/wheel-column/clock-wheel-column.svelte:53:46
    at update_reaction (http://localhost:5199/node_modules/.vite/deps/chunk-AJHVPTAZ.js?v=253d9f52:4116:18)
    at execute_derived (http://localhost:5199/node_modules/.vite/deps/chunk-AJHVPTAZ.js?v=253d9f52:2010:15)
    at update_derived (http://localhost:5199/node_modules/.vite/deps/chunk-AJHVPTAZ.js?v=253d9f52:2028:15)
    at Module.get (http://localhost:5199/node_modules/.vite/deps/chunk-AJHVPTAZ.js?v=253d9f52:4378:7)
    at http://localhost:5199/@fs/C:/Users/Agustin%20Delgado/Desktop/Agustin/svelte-components/packages/ui/src/lib/clock/wheel-column/clock-wheel-column.svelte:90:34
    at update_reaction (http://localhost:5199/node_modules/.vite/deps/chunk-AJHVPTAZ.js?v=253d9f52:4116:18)
[  508511ms] ReferenceError: getCandidateFromPartial is not defined

	in <unknown>
	in clock-root.svelte
	in bounds.svelte
	in demo.svelte
	in index.md
	in +page.svelte
	in surface.svelte
	in content.svelte
	in body.svelte
	in surface.svelte
	in root.svelte
	in docs-shell.svelte
	in +layout.svelte
	in +layout.svelte
	in root.svelte
	in undefined

    at http://localhost:5199/@fs/C:/Users/Agustin%20Delgado/Desktop/Agustin/svelte-components/packages/ui/src/lib/clock/root/wheel-options.ts?t=1785446425328:42:25
    at buildWheelOptions (http://localhost:5199/@fs/C:/Users/Agustin%20Delgado/Desktop/Agustin/svelte-components/packages/ui/src/lib/clock/root/wheel-options.ts?t=1785446425328:46:7)
    at Object.getWheelOptions (http://localhost:5199/@fs/C:/Users/Agustin%20Delgado/Desktop/Agustin/svelte-components/packages/ui/src/lib/clock/root/create-time-selection-state.svelte.ts?t=1785446425328:331:10)
    at http://localhost:5199/@fs/C:/Users/Agustin%20Delgado/Desktop/Agustin/svelte-components/packages/ui/src/lib/clock/wheel-column/clock-wheel-column.svelte:53:46
    at update_reaction (http://localhost:5199/node_modules/.vite/deps/chunk-AJHVPTAZ.js?v=253d9f52:4116:18)
    at execute_derived (http://localhost:5199/node_modules/.vite/deps/chunk-AJHVPTAZ.js?v=253d9f52:2010:15)
    at update_derived (http://localhost:5199/node_modules/.vite/deps/chunk-AJHVPTAZ.js?v=253d9f52:2028:15)
    at Module.get (http://localhost:5199/node_modules/.vite/deps/chunk-AJHVPTAZ.js?v=253d9f52:4378:7)
    at http://localhost:5199/@fs/C:/Users/Agustin%20Delgado/Desktop/Agustin/svelte-components/packages/ui/src/lib/clock/wheel-column/clock-wheel-column.svelte:90:34
    at update_reaction (http://localhost:5199/node_modules/.vite/deps/chunk-AJHVPTAZ.js?v=253d9f52:4116:18)
[  514356ms] [INFO] [Clock.WheelDebug] {event: gesture-start, t: 514349.5, gestureId: 1, supportsScrollEnd: true, scrollTop: 448} @ http://localhost:5199/@fs/C:/Users/Agustin%20Delgado/Desktop/Agustin/svelte-components/packages/ui/src/lib/clock/hooks/use-wheel-scroll.svelte.ts:65
[  514358ms] [INFO] [Clock.WheelDebug] {event: scroll-ignored-while-snapping, t: 514350.9, gestureId: 1, supportsScrollEnd: true} @ http://localhost:5199/@fs/C:/Users/Agustin%20Delgado/Desktop/Agustin/svelte-components/packages/ui/src/lib/clock/hooks/use-wheel-scroll.svelte.ts:65
[  514359ms] [INFO] [Clock.WheelDebug] {event: scrollend-ignored-while-snapping, t: 514351.8, gestureId: 1, supportsScrollEnd: true} @ http://localhost:5199/@fs/C:/Users/Agustin%20Delgado/Desktop/Agustin/svelte-components/packages/ui/src/lib/clock/hooks/use-wheel-scroll.svelte.ts:65
[  514359ms] [INFO] [Clock.WheelDebug] {event: gesture-start, t: 514352.2, gestureId: 1, supportsScrollEnd: true, scrollTop: 960} @ http://localhost:5199/@fs/C:/Users/Agustin%20Delgado/Desktop/Agustin/svelte-components/packages/ui/src/lib/clock/hooks/use-wheel-scroll.svelte.ts:65
[  514359ms] [INFO] [Clock.WheelDebug] {event: scroll-ignored-while-snapping, t: 514352.3, gestureId: 1, supportsScrollEnd: true} @ http://localhost:5199/@fs/C:/Users/Agustin%20Delgado/Desktop/Agustin/svelte-components/packages/ui/src/lib/clock/hooks/use-wheel-scroll.svelte.ts:65
[  514359ms] [INFO] [Clock.WheelDebug] {event: scrollend-ignored-while-snapping, t: 514352.5, gestureId: 1, supportsScrollEnd: true} @ http://localhost:5199/@fs/C:/Users/Agustin%20Delgado/Desktop/Agustin/svelte-components/packages/ui/src/lib/clock/hooks/use-wheel-scroll.svelte.ts:65
[  514361ms] [INFO] [Clock.WheelDebug] {event: gesture-start, t: 514354, gestureId: 1, supportsScrollEnd: true, scrollTop: 480} @ http://localhost:5199/@fs/C:/Users/Agustin%20Delgado/Desktop/Agustin/svelte-components/packages/ui/src/lib/clock/hooks/use-wheel-scroll.svelte.ts:65
[  514367ms] [INFO] [Clock.WheelDebug] {event: scroll-ignored-while-snapping, t: 514358.5, gestureId: 1, supportsScrollEnd: true} @ http://localhost:5199/@fs/C:/Users/Agustin%20Delgado/Desktop/Agustin/svelte-components/packages/ui/src/lib/clock/hooks/use-wheel-scroll.svelte.ts:65
[  514369ms] [INFO] [Clock.WheelDebug] {event: scrollend-ignored-while-snapping, t: 514362.1, gestureId: 1, supportsScrollEnd: true} @ http://localhost:5199/@fs/C:/Users/Agustin%20Delgado/Desktop/Agustin/svelte-components/packages/ui/src/lib/clock/hooks/use-wheel-scroll.svelte.ts:65
[  514376ms] [INFO] [Clock.WheelDebug] {event: gesture-start, t: 514369.5, gestureId: 1, supportsScrollEnd: true, scrollTop: 960} @ http://localhost:5199/@fs/C:/Users/Agustin%20Delgado/Desktop/Agustin/svelte-components/packages/ui/src/lib/clock/hooks/use-wheel-scroll.svelte.ts:65
[  514377ms] [INFO] [Clock.WheelDebug] {event: scroll-ignored-while-snapping, t: 514369.8, gestureId: 1, supportsScrollEnd: true} @ http://localhost:5199/@fs/C:/Users/Agustin%20Delgado/Desktop/Agustin/svelte-components/packages/ui/src/lib/clock/hooks/use-wheel-scroll.svelte.ts:65
[  514377ms] [INFO] [Clock.WheelDebug] {event: scrollend-ignored-while-snapping, t: 514370.1, gestureId: 1, supportsScrollEnd: true} @ http://localhost:5199/@fs/C:/Users/Agustin%20Delgado/Desktop/Agustin/svelte-components/packages/ui/src/lib/clock/hooks/use-wheel-scroll.svelte.ts:65
[  514377ms] [INFO] [Clock.WheelDebug] {event: gesture-start, t: 514370.4, gestureId: 1, supportsScrollEnd: true, scrollTop: 280} @ http://localhost:5199/@fs/C:/Users/Agustin%20Delgado/Desktop/Agustin/svelte-components/packages/ui/src/lib/clock/hooks/use-wheel-scroll.svelte.ts:65
[  514378ms] [INFO] [Clock.WheelDebug] {event: scroll-ignored-while-snapping, t: 514370.9, gestureId: 1, supportsScrollEnd: true} @ http://localhost:5199/@fs/C:/Users/Agustin%20Delgado/Desktop/Agustin/svelte-components/packages/ui/src/lib/clock/hooks/use-wheel-scroll.svelte.ts:65
[  514378ms] [INFO] [Clock.WheelDebug] {event: scrollend-ignored-while-snapping, t: 514371.2, gestureId: 1, supportsScrollEnd: true} @ http://localhost:5199/@fs/C:/Users/Agustin%20Delgado/Desktop/Agustin/svelte-components/packages/ui/src/lib/clock/hooks/use-wheel-scroll.svelte.ts:65
[  514378ms] [INFO] [Clock.WheelDebug] {event: gesture-start, t: 514371.3, gestureId: 1, supportsScrollEnd: true, scrollTop: 1440} @ http://localhost:5199/@fs/C:/Users/Agustin%20Delgado/Desktop/Agustin/svelte-components/packages/ui/src/lib/clock/hooks/use-wheel-scroll.svelte.ts:65
[  514378ms] [INFO] [Clock.WheelDebug] {event: scroll-ignored-while-snapping, t: 514371.6, gestureId: 1, supportsScrollEnd: true} @ http://localhost:5199/@fs/C:/Users/Agustin%20Delgado/Desktop/Agustin/svelte-components/packages/ui/src/lib/clock/hooks/use-wheel-scroll.svelte.ts:65
[  514378ms] [INFO] [Clock.WheelDebug] {event: scrollend-ignored-while-snapping, t: 514371.7, gestureId: 1, supportsScrollEnd: true} @ http://localhost:5199/@fs/C:/Users/Agustin%20Delgado/Desktop/Agustin/svelte-components/packages/ui/src/lib/clock/hooks/use-wheel-scroll.svelte.ts:65
[  515342ms] [INFO] [Clock.WheelDebug] {event: scroll-ignored-while-snapping, t: 515335.5, gestureId: 1, supportsScrollEnd: true} @ http://localhost:5199/@fs/C:/Users/Agustin%20Delgado/Desktop/Agustin/svelte-components/packages/ui/src/lib/clock/hooks/use-wheel-scroll.svelte.ts:65
[  515343ms] [INFO] [Clock.WheelDebug] {event: scrollend-ignored-while-snapping, t: 515336.4, gestureId: 1, supportsScrollEnd: true} @ http://localhost:5199/@fs/C:/Users/Agustin%20Delgado/Desktop/Agustin/svelte-components/packages/ui/src/lib/clock/hooks/use-wheel-scroll.svelte.ts:65
[  515344ms] [INFO] [Clock.WheelDebug] {event: gesture-start, t: 515336.9, gestureId: 1, supportsScrollEnd: true, scrollTop: 32} @ http://localhost:5199/@fs/C:/Users/Agustin%20Delgado/Desktop/Agustin/svelte-components/packages/ui/src/lib/clock/hooks/use-wheel-scroll.svelte.ts:65
[  515344ms] [INFO] [Clock.WheelDebug] {event: scroll-ignored-while-snapping, t: 515337.2, gestureId: 1, supportsScrollEnd: true} @ http://localhost:5199/@fs/C:/Users/Agustin%20Delgado/Desktop/Agustin/svelte-components/packages/ui/src/lib/clock/hooks/use-wheel-scroll.svelte.ts:65
[  515344ms] [INFO] [Clock.WheelDebug] {event: scrollend-ignored-while-snapping, t: 515337.5, gestureId: 1, supportsScrollEnd: true} @ http://localhost:5199/@fs/C:/Users/Agustin%20Delgado/Desktop/Agustin/svelte-components/packages/ui/src/lib/clock/hooks/use-wheel-scroll.svelte.ts:65
[  518985ms] [INFO] [Clock.WheelDebug] {event: gesture-start, t: 518978.2, gestureId: 1, supportsScrollEnd: true, scrollTop: 448} @ http://localhost:5199/@fs/C:/Users/Agustin%20Delgado/Desktop/Agustin/svelte-components/packages/ui/src/lib/clock/hooks/use-wheel-scroll.svelte.ts:65
[  518985ms] [INFO] [Clock.WheelDebug] {event: scroll-ignored-while-snapping, t: 518978.5, gestureId: 1, supportsScrollEnd: true} @ http://localhost:5199/@fs/C:/Users/Agustin%20Delgado/Desktop/Agustin/svelte-components/packages/ui/src/lib/clock/hooks/use-wheel-scroll.svelte.ts:65
[  518986ms] [INFO] [Clock.WheelDebug] {event: scrollend-ignored-while-snapping, t: 518978.7, gestureId: 1, supportsScrollEnd: true} @ http://localhost:5199/@fs/C:/Users/Agustin%20Delgado/Desktop/Agustin/svelte-components/packages/ui/src/lib/clock/hooks/use-wheel-scroll.svelte.ts:65
[  518986ms] [INFO] [Clock.WheelDebug] {event: gesture-start, t: 518979, gestureId: 1, supportsScrollEnd: true, scrollTop: 960} @ http://localhost:5199/@fs/C:/Users/Agustin%20Delgado/Desktop/Agustin/svelte-components/packages/ui/src/lib/clock/hooks/use-wheel-scroll.svelte.ts:65
[  518986ms] [INFO] [Clock.WheelDebug] {event: scroll-ignored-while-snapping, t: 518979.6, gestureId: 1, supportsScrollEnd: true} @ http://localhost:5199/@fs/C:/Users/Agustin%20Delgado/Desktop/Agustin/svelte-components/packages/ui/src/lib/clock/hooks/use-wheel-scroll.svelte.ts:65
[  518987ms] [INFO] [Clock.WheelDebug] {event: scrollend-ignored-while-snapping, t: 518979.7, gestureId: 1, supportsScrollEnd: true} @ http://localhost:5199/@fs/C:/Users/Agustin%20Delgado/Desktop/Agustin/svelte-components/packages/ui/src/lib/clock/hooks/use-wheel-scroll.svelte.ts:65
[  518987ms] [INFO] [Clock.WheelDebug] {event: gesture-start, t: 518979.9, gestureId: 1, supportsScrollEnd: true, scrollTop: 480} @ http://localhost:5199/@fs/C:/Users/Agustin%20Delgado/Desktop/Agustin/svelte-components/packages/ui/src/lib/clock/hooks/use-wheel-scroll.svelte.ts:65
[  518987ms] [INFO] [Clock.WheelDebug] {event: scroll-ignored-while-snapping, t: 518980.1, gestureId: 1, supportsScrollEnd: true} @ http://localhost:5199/@fs/C:/Users/Agustin%20Delgado/Desktop/Agustin/svelte-components/packages/ui/src/lib/clock/hooks/use-wheel-scroll.svelte.ts:65
[  518987ms] [INFO] [Clock.WheelDebug] {event: scrollend-ignored-while-snapping, t: 518980.5, gestureId: 1, supportsScrollEnd: true} @ http://localhost:5199/@fs/C:/Users/Agustin%20Delgado/Desktop/Agustin/svelte-components/packages/ui/src/lib/clock/hooks/use-wheel-scroll.svelte.ts:65
[  518988ms] [INFO] [Clock.WheelDebug] {event: gesture-start, t: 518980.8, gestureId: 1, supportsScrollEnd: true, scrollTop: 960} @ http://localhost:5199/@fs/C:/Users/Agustin%20Delgado/Desktop/Agustin/svelte-components/packages/ui/src/lib/clock/hooks/use-wheel-scroll.svelte.ts:65
[  518988ms] [INFO] [Clock.WheelDebug] {event: scroll-ignored-while-snapping, t: 518980.9, gestureId: 1, supportsScrollEnd: true} @ http://localhost:5199/@fs/C:/Users/Agustin%20Delgado/Desktop/Agustin/svelte-components/packages/ui/src/lib/clock/hooks/use-wheel-scroll.svelte.ts:65
[  518988ms] [INFO] [Clock.WheelDebug] {event: scrollend-ignored-while-snapping, t: 518981.3, gestureId: 1, supportsScrollEnd: true} @ http://localhost:5199/@fs/C:/Users/Agustin%20Delgado/Desktop/Agustin/svelte-components/packages/ui/src/lib/clock/hooks/use-wheel-scroll.svelte.ts:65
[  518988ms] [INFO] [Clock.WheelDebug] {event: gesture-start, t: 518981.4, gestureId: 1, supportsScrollEnd: true, scrollTop: 280} @ http://localhost:5199/@fs/C:/Users/Agustin%20Delgado/Desktop/Agustin/svelte-components/packages/ui/src/lib/clock/hooks/use-wheel-scroll.svelte.ts:65
[  518989ms] [INFO] [Clock.WheelDebug] {event: scroll-ignored-while-snapping, t: 518982.2, gestureId: 1, supportsScrollEnd: true} @ http://localhost:5199/@fs/C:/Users/Agustin%20Delgado/Desktop/Agustin/svelte-components/packages/ui/src/lib/clock/hooks/use-wheel-scroll.svelte.ts:65
[  518989ms] [INFO] [Clock.WheelDebug] {event: scrollend-ignored-while-snapping, t: 518982.7, gestureId: 1, supportsScrollEnd: true} @ http://localhost:5199/@fs/C:/Users/Agustin%20Delgado/Desktop/Agustin/svelte-components/packages/ui/src/lib/clock/hooks/use-wheel-scroll.svelte.ts:65
[  518990ms] [INFO] [Clock.WheelDebug] {event: gesture-start, t: 518983, gestureId: 1, supportsScrollEnd: true, scrollTop: 1440} @ http://localhost:5199/@fs/C:/Users/Agustin%20Delgado/Desktop/Agustin/svelte-components/packages/ui/src/lib/clock/hooks/use-wheel-scroll.svelte.ts:65
[  518990ms] [INFO] [Clock.WheelDebug] {event: scroll-ignored-while-snapping, t: 518983.4, gestureId: 1, supportsScrollEnd: true} @ http://localhost:5199/@fs/C:/Users/Agustin%20Delgado/Desktop/Agustin/svelte-components/packages/ui/src/lib/clock/hooks/use-wheel-scroll.svelte.ts:65
[  518990ms] [INFO] [Clock.WheelDebug] {event: scrollend-ignored-while-snapping, t: 518983.6, gestureId: 1, supportsScrollEnd: true} @ http://localhost:5199/@fs/C:/Users/Agustin%20Delgado/Desktop/Agustin/svelte-components/packages/ui/src/lib/clock/hooks/use-wheel-scroll.svelte.ts:65
[  519970ms] [INFO] [Clock.WheelDebug] {event: scroll-ignored-while-snapping, t: 519963.4, gestureId: 1, supportsScrollEnd: true} @ http://localhost:5199/@fs/C:/Users/Agustin%20Delgado/Desktop/Agustin/svelte-components/packages/ui/src/lib/clock/hooks/use-wheel-scroll.svelte.ts:65
[  519971ms] [INFO] [Clock.WheelDebug] {event: scrollend-ignored-while-snapping, t: 519963.9, gestureId: 1, supportsScrollEnd: true} @ http://localhost:5199/@fs/C:/Users/Agustin%20Delgado/Desktop/Agustin/svelte-components/packages/ui/src/lib/clock/hooks/use-wheel-scroll.svelte.ts:65
[  519971ms] [INFO] [Clock.WheelDebug] {event: gesture-start, t: 519964.4, gestureId: 1, supportsScrollEnd: true, scrollTop: 32} @ http://localhost:5199/@fs/C:/Users/Agustin%20Delgado/Desktop/Agustin/svelte-components/packages/ui/src/lib/clock/hooks/use-wheel-scroll.svelte.ts:65
[  519971ms] [INFO] [Clock.WheelDebug] {event: scroll-ignored-while-snapping, t: 519964.6, gestureId: 1, supportsScrollEnd: true} @ http://localhost:5199/@fs/C:/Users/Agustin%20Delgado/Desktop/Agustin/svelte-components/packages/ui/src/lib/clock/hooks/use-wheel-scroll.svelte.ts:65
[  519973ms] [INFO] [Clock.WheelDebug] {event: scrollend-ignored-while-snapping, t: 519964.8, gestureId: 1, supportsScrollEnd: true} @ http://localhost:5199/@fs/C:/Users/Agustin%20Delgado/Desktop/Agustin/svelte-components/packages/ui/src/lib/clock/hooks/use-wheel-scroll.svelte.ts:65
[  532679ms] [INFO] [Clock.WheelDebug] {event: gesture-start, t: 532672.3, gestureId: 1, supportsScrollEnd: true, scrollTop: 448} @ http://localhost:5199/@fs/C:/Users/Agustin%20Delgado/Desktop/Agustin/svelte-components/packages/ui/src/lib/clock/hooks/use-wheel-scroll.svelte.ts:65
[  532684ms] [INFO] [Clock.WheelDebug] {event: scroll-ignored-while-snapping, t: 532677.6, gestureId: 1, supportsScrollEnd: true} @ http://localhost:5199/@fs/C:/Users/Agustin%20Delgado/Desktop/Agustin/svelte-components/packages/ui/src/lib/clock/hooks/use-wheel-scroll.svelte.ts:65
[  532686ms] [INFO] [Clock.WheelDebug] {event: scrollend-ignored-while-snapping, t: 532678.8, gestureId: 1, supportsScrollEnd: true} @ http://localhost:5199/@fs/C:/Users/Agustin%20Delgado/Desktop/Agustin/svelte-components/packages/ui/src/lib/clock/hooks/use-wheel-scroll.svelte.ts:65
[  532697ms] [INFO] [Clock.WheelDebug] {event: gesture-start, t: 532689.4, gestureId: 1, supportsScrollEnd: true, scrollTop: 960} @ http://localhost:5199/@fs/C:/Users/Agustin%20Delgado/Desktop/Agustin/svelte-components/packages/ui/src/lib/clock/hooks/use-wheel-scroll.svelte.ts:65
[  532700ms] [INFO] [Clock.WheelDebug] {event: scroll-ignored-while-snapping, t: 532693.5, gestureId: 1, supportsScrollEnd: true} @ http://localhost:5199/@fs/C:/Users/Agustin%20Delgado/Desktop/Agustin/svelte-components/packages/ui/src/lib/clock/hooks/use-wheel-scroll.svelte.ts:65
[  532705ms] [INFO] [Clock.WheelDebug] {event: scrollend-ignored-while-snapping, t: 532697.7, gestureId: 1, supportsScrollEnd: true} @ http://localhost:5199/@fs/C:/Users/Agustin%20Delgado/Desktop/Agustin/svelte-components/packages/ui/src/lib/clock/hooks/use-wheel-scroll.svelte.ts:65
[  532710ms] [INFO] [Clock.WheelDebug] {event: gesture-start, t: 532702.9, gestureId: 1, supportsScrollEnd: true, scrollTop: 480} @ http://localhost:5199/@fs/C:/Users/Agustin%20Delgado/Desktop/Agustin/svelte-components/packages/ui/src/lib/clock/hooks/use-wheel-scroll.svelte.ts:65
[  532712ms] [INFO] [Clock.WheelDebug] {event: scroll-ignored-while-snapping, t: 532705.7, gestureId: 1, supportsScrollEnd: true} @ http://localhost:5199/@fs/C:/Users/Agustin%20Delgado/Desktop/Agustin/svelte-components/packages/ui/src/lib/clock/hooks/use-wheel-scroll.svelte.ts:65
[  532714ms] [INFO] [Clock.WheelDebug] {event: scrollend-ignored-while-snapping, t: 532707.4, gestureId: 1, supportsScrollEnd: true} @ http://localhost:5199/@fs/C:/Users/Agustin%20Delgado/Desktop/Agustin/svelte-components/packages/ui/src/lib/clock/hooks/use-wheel-scroll.svelte.ts:65
[  532718ms] [INFO] [Clock.WheelDebug] {event: gesture-start, t: 532711.3, gestureId: 1, supportsScrollEnd: true, scrollTop: 960} @ http://localhost:5199/@fs/C:/Users/Agustin%20Delgado/Desktop/Agustin/svelte-components/packages/ui/src/lib/clock/hooks/use-wheel-scroll.svelte.ts:65
[  532720ms] [INFO] [Clock.WheelDebug] {event: scroll-ignored-while-snapping, t: 532712.8, gestureId: 1, supportsScrollEnd: true} @ http://localhost:5199/@fs/C:/Users/Agustin%20Delgado/Desktop/Agustin/svelte-components/packages/ui/src/lib/clock/hooks/use-wheel-scroll.svelte.ts:65
[  532721ms] [INFO] [Clock.WheelDebug] {event: scrollend-ignored-while-snapping, t: 532713.7, gestureId: 1, supportsScrollEnd: true} @ http://localhost:5199/@fs/C:/Users/Agustin%20Delgado/Desktop/Agustin/svelte-components/packages/ui/src/lib/clock/hooks/use-wheel-scroll.svelte.ts:65
[  532726ms] [INFO] [Clock.WheelDebug] {event: gesture-start, t: 532718.1, gestureId: 1, supportsScrollEnd: true, scrollTop: 280} @ http://localhost:5199/@fs/C:/Users/Agustin%20Delgado/Desktop/Agustin/svelte-components/packages/ui/src/lib/clock/hooks/use-wheel-scroll.svelte.ts:65
[  532730ms] [INFO] [Clock.WheelDebug] {event: scroll-ignored-while-snapping, t: 532722.6, gestureId: 1, supportsScrollEnd: true} @ http://localhost:5199/@fs/C:/Users/Agustin%20Delgado/Desktop/Agustin/svelte-components/packages/ui/src/lib/clock/hooks/use-wheel-scroll.svelte.ts:65
[  532732ms] [INFO] [Clock.WheelDebug] {event: scrollend-ignored-while-snapping, t: 532725.6, gestureId: 1, supportsScrollEnd: true} @ http://localhost:5199/@fs/C:/Users/Agustin%20Delgado/Desktop/Agustin/svelte-components/packages/ui/src/lib/clock/hooks/use-wheel-scroll.svelte.ts:65
[  532735ms] [INFO] [Clock.WheelDebug] {event: gesture-start, t: 532728.2, gestureId: 1, supportsScrollEnd: true, scrollTop: 1440} @ http://localhost:5199/@fs/C:/Users/Agustin%20Delgado/Desktop/Agustin/svelte-components/packages/ui/src/lib/clock/hooks/use-wheel-scroll.svelte.ts:65
[  532736ms] [INFO] [Clock.WheelDebug] {event: scroll-ignored-while-snapping, t: 532729.6, gestureId: 1, supportsScrollEnd: true} @ http://localhost:5199/@fs/C:/Users/Agustin%20Delgado/Desktop/Agustin/svelte-components/packages/ui/src/lib/clock/hooks/use-wheel-scroll.svelte.ts:65
[  532737ms] [INFO] [Clock.WheelDebug] {event: scrollend-ignored-while-snapping, t: 532730, gestureId: 1, supportsScrollEnd: true} @ http://localhost:5199/@fs/C:/Users/Agustin%20Delgado/Desktop/Agustin/svelte-components/packages/ui/src/lib/clock/hooks/use-wheel-scroll.svelte.ts:65
[  533585ms] [INFO] [Clock.WheelDebug] {event: scroll-ignored-while-snapping, t: 533578.5, gestureId: 1, supportsScrollEnd: true} @ http://localhost:5199/@fs/C:/Users/Agustin%20Delgado/Desktop/Agustin/svelte-components/packages/ui/src/lib/clock/hooks/use-wheel-scroll.svelte.ts:65
[  533585ms] [INFO] [Clock.WheelDebug] {event: scrollend-ignored-while-snapping, t: 533578.7, gestureId: 1, supportsScrollEnd: true} @ http://localhost:5199/@fs/C:/Users/Agustin%20Delgado/Desktop/Agustin/svelte-components/packages/ui/src/lib/clock/hooks/use-wheel-scroll.svelte.ts:65
[  533586ms] [INFO] [Clock.WheelDebug] {event: gesture-start, t: 533578.9, gestureId: 1, supportsScrollEnd: true, scrollTop: 32} @ http://localhost:5199/@fs/C:/Users/Agustin%20Delgado/Desktop/Agustin/svelte-components/packages/ui/src/lib/clock/hooks/use-wheel-scroll.svelte.ts:65
[  533586ms] [INFO] [Clock.WheelDebug] {event: scroll-ignored-while-snapping, t: 533579.4, gestureId: 1, supportsScrollEnd: true} @ http://localhost:5199/@fs/C:/Users/Agustin%20Delgado/Desktop/Agustin/svelte-components/packages/ui/src/lib/clock/hooks/use-wheel-scroll.svelte.ts:65
[  533626ms] [INFO] [Clock.WheelDebug] {event: scrollend-ignored-while-snapping, t: 533619.6, gestureId: 1, supportsScrollEnd: true} @ http://localhost:5199/@fs/C:/Users/Agustin%20Delgado/Desktop/Agustin/svelte-components/packages/ui/src/lib/clock/hooks/use-wheel-scroll.svelte.ts:65
[  540172ms] [INFO] [Clock.WheelDebug] {event: gesture-start, t: 540165.5, gestureId: 1, supportsScrollEnd: true, scrollTop: 448} @ http://localhost:5199/@fs/C:/Users/Agustin%20Delgado/Desktop/Agustin/svelte-components/packages/ui/src/lib/clock/hooks/use-wheel-scroll.svelte.ts:65
[  540173ms] [INFO] [Clock.WheelDebug] {event: scroll-ignored-while-snapping, t: 540165.7, gestureId: 1, supportsScrollEnd: true} @ http://localhost:5199/@fs/C:/Users/Agustin%20Delgado/Desktop/Agustin/svelte-components/packages/ui/src/lib/clock/hooks/use-wheel-scroll.svelte.ts:65
[  540173ms] [INFO] [Clock.WheelDebug] {event: scrollend-ignored-while-snapping, t: 540165.9, gestureId: 1, supportsScrollEnd: true} @ http://localhost:5199/@fs/C:/Users/Agustin%20Delgado/Desktop/Agustin/svelte-components/packages/ui/src/lib/clock/hooks/use-wheel-scroll.svelte.ts:65
[  540173ms] [INFO] [Clock.WheelDebug] {event: gesture-start, t: 540166.2, gestureId: 1, supportsScrollEnd: true, scrollTop: 960} @ http://localhost:5199/@fs/C:/Users/Agustin%20Delgado/Desktop/Agustin/svelte-components/packages/ui/src/lib/clock/hooks/use-wheel-scroll.svelte.ts:65
[  540173ms] [INFO] [Clock.WheelDebug] {event: scroll-ignored-while-snapping, t: 540166.6, gestureId: 1, supportsScrollEnd: true} @ http://localhost:5199/@fs/C:/Users/Agustin%20Delgado/Desktop/Agustin/svelte-components/packages/ui/src/lib/clock/hooks/use-wheel-scroll.svelte.ts:65
[  540174ms] [INFO] [Clock.WheelDebug] {event: scrollend-ignored-while-snapping, t: 540167, gestureId: 1, supportsScrollEnd: true} @ http://localhost:5199/@fs/C:/Users/Agustin%20Delgado/Desktop/Agustin/svelte-components/packages/ui/src/lib/clock/hooks/use-wheel-scroll.svelte.ts:65
[  540174ms] [INFO] [Clock.WheelDebug] {event: gesture-start, t: 540167.4, gestureId: 1, supportsScrollEnd: true, scrollTop: 480} @ http://localhost:5199/@fs/C:/Users/Agustin%20Delgado/Desktop/Agustin/svelte-components/packages/ui/src/lib/clock/hooks/use-wheel-scroll.svelte.ts:65
[  540174ms] [INFO] [Clock.WheelDebug] {event: scroll-ignored-while-snapping, t: 540167.6, gestureId: 1, supportsScrollEnd: true} @ http://localhost:5199/@fs/C:/Users/Agustin%20Delgado/Desktop/Agustin/svelte-components/packages/ui/src/lib/clock/hooks/use-wheel-scroll.svelte.ts:65
[  540175ms] [INFO] [Clock.WheelDebug] {event: scrollend-ignored-while-snapping, t: 540167.8, gestureId: 1, supportsScrollEnd: true} @ http://localhost:5199/@fs/C:/Users/Agustin%20Delgado/Desktop/Agustin/svelte-components/packages/ui/src/lib/clock/hooks/use-wheel-scroll.svelte.ts:65
[  540175ms] [INFO] [Clock.WheelDebug] {event: gesture-start, t: 540168, gestureId: 1, supportsScrollEnd: true, scrollTop: 960} @ http://localhost:5199/@fs/C:/Users/Agustin%20Delgado/Desktop/Agustin/svelte-components/packages/ui/src/lib/clock/hooks/use-wheel-scroll.svelte.ts:65
[  540175ms] [INFO] [Clock.WheelDebug] {event: scroll-ignored-while-snapping, t: 540168.3, gestureId: 1, supportsScrollEnd: true} @ http://localhost:5199/@fs/C:/Users/Agustin%20Delgado/Desktop/Agustin/svelte-components/packages/ui/src/lib/clock/hooks/use-wheel-scroll.svelte.ts:65
[  540175ms] [INFO] [Clock.WheelDebug] {event: scrollend-ignored-while-snapping, t: 540168.5, gestureId: 1, supportsScrollEnd: true} @ http://localhost:5199/@fs/C:/Users/Agustin%20Delgado/Desktop/Agustin/svelte-components/packages/ui/src/lib/clock/hooks/use-wheel-scroll.svelte.ts:65
[  540175ms] [INFO] [Clock.WheelDebug] {event: gesture-start, t: 540168.7, gestureId: 1, supportsScrollEnd: true, scrollTop: 280} @ http://localhost:5199/@fs/C:/Users/Agustin%20Delgado/Desktop/Agustin/svelte-components/packages/ui/src/lib/clock/hooks/use-wheel-scroll.svelte.ts:65
[  540176ms] [INFO] [Clock.WheelDebug] {event: scroll-ignored-while-snapping, t: 540168.9, gestureId: 1, supportsScrollEnd: true} @ http://localhost:5199/@fs/C:/Users/Agustin%20Delgado/Desktop/Agustin/svelte-components/packages/ui/src/lib/clock/hooks/use-wheel-scroll.svelte.ts:65
[  540176ms] [INFO] [Clock.WheelDebug] {event: scrollend-ignored-while-snapping, t: 540169.2, gestureId: 1, supportsScrollEnd: true} @ http://localhost:5199/@fs/C:/Users/Agustin%20Delgado/Desktop/Agustin/svelte-components/packages/ui/src/lib/clock/hooks/use-wheel-scroll.svelte.ts:65
[  540176ms] [INFO] [Clock.WheelDebug] {event: gesture-start, t: 540169.7, gestureId: 1, supportsScrollEnd: true, scrollTop: 1440} @ http://localhost:5199/@fs/C:/Users/Agustin%20Delgado/Desktop/Agustin/svelte-components/packages/ui/src/lib/clock/hooks/use-wheel-scroll.svelte.ts:65
[  540178ms] [INFO] [Clock.WheelDebug] {event: scroll-ignored-while-snapping, t: 540171.5, gestureId: 1, supportsScrollEnd: true} @ http://localhost:5199/@fs/C:/Users/Agustin%20Delgado/Desktop/Agustin/svelte-components/packages/ui/src/lib/clock/hooks/use-wheel-scroll.svelte.ts:65
[  540179ms] [INFO] [Clock.WheelDebug] {event: scrollend-ignored-while-snapping, t: 540171.9, gestureId: 1, supportsScrollEnd: true} @ http://localhost:5199/@fs/C:/Users/Agustin%20Delgado/Desktop/Agustin/svelte-components/packages/ui/src/lib/clock/hooks/use-wheel-scroll.svelte.ts:65
[  541158ms] [INFO] [Clock.WheelDebug] {event: scroll-ignored-while-snapping, t: 541151.4, gestureId: 1, supportsScrollEnd: true} @ http://localhost:5199/@fs/C:/Users/Agustin%20Delgado/Desktop/Agustin/svelte-components/packages/ui/src/lib/clock/hooks/use-wheel-scroll.svelte.ts:65
[  541158ms] [INFO] [Clock.WheelDebug] {event: scrollend-ignored-while-snapping, t: 541151.6, gestureId: 1, supportsScrollEnd: true} @ http://localhost:5199/@fs/C:/Users/Agustin%20Delgado/Desktop/Agustin/svelte-components/packages/ui/src/lib/clock/hooks/use-wheel-scroll.svelte.ts:65
[  541159ms] [INFO] [Clock.WheelDebug] {event: gesture-start, t: 541151.9, gestureId: 1, supportsScrollEnd: true, scrollTop: 32} @ http://localhost:5199/@fs/C:/Users/Agustin%20Delgado/Desktop/Agustin/svelte-components/packages/ui/src/lib/clock/hooks/use-wheel-scroll.svelte.ts:65
[  541159ms] [INFO] [Clock.WheelDebug] {event: scroll-ignored-while-snapping, t: 541152.2, gestureId: 1, supportsScrollEnd: true} @ http://localhost:5199/@fs/C:/Users/Agustin%20Delgado/Desktop/Agustin/svelte-components/packages/ui/src/lib/clock/hooks/use-wheel-scroll.svelte.ts:65
[  541159ms] [INFO] [Clock.WheelDebug] {event: scrollend-ignored-while-snapping, t: 541152.5, gestureId: 1, supportsScrollEnd: true} @ http://localhost:5199/@fs/C:/Users/Agustin%20Delgado/Desktop/Agustin/svelte-components/packages/ui/src/lib/clock/hooks/use-wheel-scroll.svelte.ts:65
[  554590ms] [INFO] [Clock.WheelDebug] {event: gesture-start, t: 554582.6, gestureId: 1, supportsScrollEnd: true, scrollTop: 448} @ http://localhost:5199/@fs/C:/Users/Agustin%20Delgado/Desktop/Agustin/svelte-components/packages/ui/src/lib/clock/hooks/use-wheel-scroll.svelte.ts:65
[  554590ms] [INFO] [Clock.WheelDebug] {event: scroll-ignored-while-snapping, t: 554583.4, gestureId: 1, supportsScrollEnd: true} @ http://localhost:5199/@fs/C:/Users/Agustin%20Delgado/Desktop/Agustin/svelte-components/packages/ui/src/lib/clock/hooks/use-wheel-scroll.svelte.ts:65
[  554591ms] [INFO] [Clock.WheelDebug] {event: scrollend-ignored-while-snapping, t: 554583.9, gestureId: 1, supportsScrollEnd: true} @ http://localhost:5199/@fs/C:/Users/Agustin%20Delgado/Desktop/Agustin/svelte-components/packages/ui/src/lib/clock/hooks/use-wheel-scroll.svelte.ts:65
[  554591ms] [INFO] [Clock.WheelDebug] {event: gesture-start, t: 554584.1, gestureId: 1, supportsScrollEnd: true, scrollTop: 960} @ http://localhost:5199/@fs/C:/Users/Agustin%20Delgado/Desktop/Agustin/svelte-components/packages/ui/src/lib/clock/hooks/use-wheel-scroll.svelte.ts:65
[  554591ms] [INFO] [Clock.WheelDebug] {event: scroll-ignored-while-snapping, t: 554584.3, gestureId: 1, supportsScrollEnd: true} @ http://localhost:5199/@fs/C:/Users/Agustin%20Delgado/Desktop/Agustin/svelte-components/packages/ui/src/lib/clock/hooks/use-wheel-scroll.svelte.ts:65
[  554591ms] [INFO] [Clock.WheelDebug] {event: scrollend-ignored-while-snapping, t: 554584.4, gestureId: 1, supportsScrollEnd: true} @ http://localhost:5199/@fs/C:/Users/Agustin%20Delgado/Desktop/Agustin/svelte-components/packages/ui/src/lib/clock/hooks/use-wheel-scroll.svelte.ts:65
[  554591ms] [INFO] [Clock.WheelDebug] {event: gesture-start, t: 554584.6, gestureId: 1, supportsScrollEnd: true, scrollTop: 480} @ http://localhost:5199/@fs/C:/Users/Agustin%20Delgado/Desktop/Agustin/svelte-components/packages/ui/src/lib/clock/hooks/use-wheel-scroll.svelte.ts:65
[  554592ms] [INFO] [Clock.WheelDebug] {event: scroll-ignored-while-snapping, t: 554585.5, gestureId: 1, supportsScrollEnd: true} @ http://localhost:5199/@fs/C:/Users/Agustin%20Delgado/Desktop/Agustin/svelte-components/packages/ui/src/lib/clock/hooks/use-wheel-scroll.svelte.ts:65
[  554595ms] [INFO] [Clock.WheelDebug] {event: scrollend-ignored-while-snapping, t: 554587.9, gestureId: 1, supportsScrollEnd: true} @ http://localhost:5199/@fs/C:/Users/Agustin%20Delgado/Desktop/Agustin/svelte-components/packages/ui/src/lib/clock/hooks/use-wheel-scroll.svelte.ts:65
[  554595ms] [INFO] [Clock.WheelDebug] {event: gesture-start, t: 554588.2, gestureId: 1, supportsScrollEnd: true, scrollTop: 960} @ http://localhost:5199/@fs/C:/Users/Agustin%20Delgado/Desktop/Agustin/svelte-components/packages/ui/src/lib/clock/hooks/use-wheel-scroll.svelte.ts:65
[  554595ms] [INFO] [Clock.WheelDebug] {event: scroll-ignored-while-snapping, t: 554588.4, gestureId: 1, supportsScrollEnd: true} @ http://localhost:5199/@fs/C:/Users/Agustin%20Delgado/Desktop/Agustin/svelte-components/packages/ui/src/lib/clock/hooks/use-wheel-scroll.svelte.ts:65
[  554595ms] [INFO] [Clock.WheelDebug] {event: scrollend-ignored-while-snapping, t: 554588.7, gestureId: 1, supportsScrollEnd: true} @ http://localhost:5199/@fs/C:/Users/Agustin%20Delgado/Desktop/Agustin/svelte-components/packages/ui/src/lib/clock/hooks/use-wheel-scroll.svelte.ts:65
[  554596ms] [INFO] [Clock.WheelDebug] {event: gesture-start, t: 554589, gestureId: 1, supportsScrollEnd: true, scrollTop: 280} @ http://localhost:5199/@fs/C:/Users/Agustin%20Delgado/Desktop/Agustin/svelte-components/packages/ui/src/lib/clock/hooks/use-wheel-scroll.svelte.ts:65
[  554596ms] [INFO] [Clock.WheelDebug] {event: scroll-ignored-while-snapping, t: 554589.2, gestureId: 1, supportsScrollEnd: true} @ http://localhost:5199/@fs/C:/Users/Agustin%20Delgado/Desktop/Agustin/svelte-components/packages/ui/src/lib/clock/hooks/use-wheel-scroll.svelte.ts:65
[  554597ms] [INFO] [Clock.WheelDebug] {event: scrollend-ignored-while-snapping, t: 554590.4, gestureId: 1, supportsScrollEnd: true} @ http://localhost:5199/@fs/C:/Users/Agustin%20Delgado/Desktop/Agustin/svelte-components/packages/ui/src/lib/clock/hooks/use-wheel-scroll.svelte.ts:65
[  554641ms] [INFO] [Clock.WheelDebug] {event: gesture-start, t: 554633.8, gestureId: 1, supportsScrollEnd: true, scrollTop: 1440} @ http://localhost:5199/@fs/C:/Users/Agustin%20Delgado/Desktop/Agustin/svelte-components/packages/ui/src/lib/clock/hooks/use-wheel-scroll.svelte.ts:65
[  554641ms] [INFO] [Clock.WheelDebug] {event: scroll-ignored-while-snapping, t: 554634.2, gestureId: 1, supportsScrollEnd: true} @ http://localhost:5199/@fs/C:/Users/Agustin%20Delgado/Desktop/Agustin/svelte-components/packages/ui/src/lib/clock/hooks/use-wheel-scroll.svelte.ts:65
[  554641ms] [INFO] [Clock.WheelDebug] {event: scrollend-ignored-while-snapping, t: 554634.2, gestureId: 1, supportsScrollEnd: true} @ http://localhost:5199/@fs/C:/Users/Agustin%20Delgado/Desktop/Agustin/svelte-components/packages/ui/src/lib/clock/hooks/use-wheel-scroll.svelte.ts:65
[  555550ms] [INFO] [Clock.WheelDebug] {event: scroll-ignored-while-snapping, t: 555543, gestureId: 1, supportsScrollEnd: true} @ http://localhost:5199/@fs/C:/Users/Agustin%20Delgado/Desktop/Agustin/svelte-components/packages/ui/src/lib/clock/hooks/use-wheel-scroll.svelte.ts:65
[  555563ms] [INFO] [Clock.WheelDebug] {event: scrollend-ignored-while-snapping, t: 555556.6, gestureId: 1, supportsScrollEnd: true} @ http://localhost:5199/@fs/C:/Users/Agustin%20Delgado/Desktop/Agustin/svelte-components/packages/ui/src/lib/clock/hooks/use-wheel-scroll.svelte.ts:65
[  555567ms] [INFO] [Clock.WheelDebug] {event: gesture-start, t: 555560.1, gestureId: 1, supportsScrollEnd: true, scrollTop: 32} @ http://localhost:5199/@fs/C:/Users/Agustin%20Delgado/Desktop/Agustin/svelte-components/packages/ui/src/lib/clock/hooks/use-wheel-scroll.svelte.ts:65
[  555567ms] [INFO] [Clock.WheelDebug] {event: scroll-ignored-while-snapping, t: 555560.3, gestureId: 1, supportsScrollEnd: true} @ http://localhost:5199/@fs/C:/Users/Agustin%20Delgado/Desktop/Agustin/svelte-components/packages/ui/src/lib/clock/hooks/use-wheel-scroll.svelte.ts:65
[  555567ms] [INFO] [Clock.WheelDebug] {event: scrollend-ignored-while-snapping, t: 555560.4, gestureId: 1, supportsScrollEnd: true} @ http://localhost:5199/@fs/C:/Users/Agustin%20Delgado/Desktop/Agustin/svelte-components/packages/ui/src/lib/clock/hooks/use-wheel-scroll.svelte.ts:65
[  563202ms] [INFO] [Clock.WheelDebug] {event: gesture-start, t: 563194.8, gestureId: 1, supportsScrollEnd: true, scrollTop: 448} @ http://localhost:5199/@fs/C:/Users/Agustin%20Delgado/Desktop/Agustin/svelte-components/packages/ui/src/lib/clock/hooks/use-wheel-scroll.svelte.ts:65
[  563202ms] [INFO] [Clock.WheelDebug] {event: scroll-ignored-while-snapping, t: 563195.5, gestureId: 1, supportsScrollEnd: true} @ http://localhost:5199/@fs/C:/Users/Agustin%20Delgado/Desktop/Agustin/svelte-components/packages/ui/src/lib/clock/hooks/use-wheel-scroll.svelte.ts:65
[  563203ms] [INFO] [Clock.WheelDebug] {event: scrollend-ignored-while-snapping, t: 563195.9, gestureId: 1, supportsScrollEnd: true} @ http://localhost:5199/@fs/C:/Users/Agustin%20Delgado/Desktop/Agustin/svelte-components/packages/ui/src/lib/clock/hooks/use-wheel-scroll.svelte.ts:65
[  563203ms] [INFO] [Clock.WheelDebug] {event: gesture-start, t: 563196.4, gestureId: 1, supportsScrollEnd: true, scrollTop: 960} @ http://localhost:5199/@fs/C:/Users/Agustin%20Delgado/Desktop/Agustin/svelte-components/packages/ui/src/lib/clock/hooks/use-wheel-scroll.svelte.ts:65
[  563206ms] [INFO] [Clock.WheelDebug] {event: scroll-ignored-while-snapping, t: 563199, gestureId: 1, supportsScrollEnd: true} @ http://localhost:5199/@fs/C:/Users/Agustin%20Delgado/Desktop/Agustin/svelte-components/packages/ui/src/lib/clock/hooks/use-wheel-scroll.svelte.ts:65
[  563209ms] [INFO] [Clock.WheelDebug] {event: scrollend-ignored-while-snapping, t: 563201.6, gestureId: 1, supportsScrollEnd: true} @ http://localhost:5199/@fs/C:/Users/Agustin%20Delgado/Desktop/Agustin/svelte-components/packages/ui/src/lib/clock/hooks/use-wheel-scroll.svelte.ts:65
[  563219ms] [INFO] [Clock.WheelDebug] {event: gesture-start, t: 563211.7, gestureId: 1, supportsScrollEnd: true, scrollTop: 480} @ http://localhost:5199/@fs/C:/Users/Agustin%20Delgado/Desktop/Agustin/svelte-components/packages/ui/src/lib/clock/hooks/use-wheel-scroll.svelte.ts:65
[  563227ms] [INFO] [Clock.WheelDebug] {event: scroll-ignored-while-snapping, t: 563220.1, gestureId: 1, supportsScrollEnd: true} @ http://localhost:5199/@fs/C:/Users/Agustin%20Delgado/Desktop/Agustin/svelte-components/packages/ui/src/lib/clock/hooks/use-wheel-scroll.svelte.ts:65
[  563228ms] [INFO] [Clock.WheelDebug] {event: scrollend-ignored-while-snapping, t: 563220.9, gestureId: 1, supportsScrollEnd: true} @ http://localhost:5199/@fs/C:/Users/Agustin%20Delgado/Desktop/Agustin/svelte-components/packages/ui/src/lib/clock/hooks/use-wheel-scroll.svelte.ts:65
[  563255ms] [INFO] [Clock.WheelDebug] {event: gesture-start, t: 563248.1, gestureId: 1, supportsScrollEnd: true, scrollTop: 960} @ http://localhost:5199/@fs/C:/Users/Agustin%20Delgado/Desktop/Agustin/svelte-components/packages/ui/src/lib/clock/hooks/use-wheel-scroll.svelte.ts:65
[  563255ms] [INFO] [Clock.WheelDebug] {event: scroll-ignored-while-snapping, t: 563248.7, gestureId: 1, supportsScrollEnd: true} @ http://localhost:5199/@fs/C:/Users/Agustin%20Delgado/Desktop/Agustin/svelte-components/packages/ui/src/lib/clock/hooks/use-wheel-scroll.svelte.ts:65
[  563256ms] [INFO] [Clock.WheelDebug] {event: scrollend-ignored-while-snapping, t: 563248.8, gestureId: 1, supportsScrollEnd: true} @ http://localhost:5199/@fs/C:/Users/Agustin%20Delgado/Desktop/Agustin/svelte-components/packages/ui/src/lib/clock/hooks/use-wheel-scroll.svelte.ts:65
[  563263ms] [INFO] [Clock.WheelDebug] {event: gesture-start, t: 563255.9, gestureId: 1, supportsScrollEnd: true, scrollTop: 279} @ http://localhost:5199/@fs/C:/Users/Agustin%20Delgado/Desktop/Agustin/svelte-components/packages/ui/src/lib/clock/hooks/use-wheel-scroll.svelte.ts:65
[  563263ms] [INFO] [Clock.WheelDebug] {event: scroll-ignored-while-snapping, t: 563256.2, gestureId: 1, supportsScrollEnd: true} @ http://localhost:5199/@fs/C:/Users/Agustin%20Delgado/Desktop/Agustin/svelte-components/packages/ui/src/lib/clock/hooks/use-wheel-scroll.svelte.ts:65
[  563272ms] [INFO] [Clock.WheelDebug] {event: scrollend-ignored-while-snapping, t: 563265.2, gestureId: 1, supportsScrollEnd: true} @ http://localhost:5199/@fs/C:/Users/Agustin%20Delgado/Desktop/Agustin/svelte-components/packages/ui/src/lib/clock/hooks/use-wheel-scroll.svelte.ts:65
[  563275ms] [INFO] [Clock.WheelDebug] {event: gesture-start, t: 563268.4, gestureId: 1, supportsScrollEnd: true, scrollTop: 1440} @ http://localhost:5199/@fs/C:/Users/Agustin%20Delgado/Desktop/Agustin/svelte-components/packages/ui/src/lib/clock/hooks/use-wheel-scroll.svelte.ts:65
[  563276ms] [INFO] [Clock.WheelDebug] {event: scroll-ignored-while-snapping, t: 563268.9, gestureId: 1, supportsScrollEnd: true} @ http://localhost:5199/@fs/C:/Users/Agustin%20Delgado/Desktop/Agustin/svelte-components/packages/ui/src/lib/clock/hooks/use-wheel-scroll.svelte.ts:65
[  563276ms] [INFO] [Clock.WheelDebug] {event: scrollend-ignored-while-snapping, t: 563269.2, gestureId: 1, supportsScrollEnd: true} @ http://localhost:5199/@fs/C:/Users/Agustin%20Delgado/Desktop/Agustin/svelte-components/packages/ui/src/lib/clock/hooks/use-wheel-scroll.svelte.ts:65
[  563384ms] [INFO] [Clock.WheelDebug] {event: scroll-ignored-while-snapping, t: 563377.2, gestureId: 1, supportsScrollEnd: true} @ http://localhost:5199/@fs/C:/Users/Agustin%20Delgado/Desktop/Agustin/svelte-components/packages/ui/src/lib/clock/hooks/use-wheel-scroll.svelte.ts:65
[  563384ms] [INFO] [Clock.WheelDebug] {event: scrollend-ignored-while-snapping, t: 563377.5, gestureId: 1, supportsScrollEnd: true} @ http://localhost:5199/@fs/C:/Users/Agustin%20Delgado/Desktop/Agustin/svelte-components/packages/ui/src/lib/clock/hooks/use-wheel-scroll.svelte.ts:65
[  563385ms] [INFO] [Clock.WheelDebug] {event: gesture-start, t: 563378.1, gestureId: 1, supportsScrollEnd: true, scrollTop: 32} @ http://localhost:5199/@fs/C:/Users/Agustin%20Delgado/Desktop/Agustin/svelte-components/packages/ui/src/lib/clock/hooks/use-wheel-scroll.svelte.ts:65
[  563385ms] [INFO] [Clock.WheelDebug] {event: scroll-ignored-while-snapping, t: 563378.4, gestureId: 1, supportsScrollEnd: true} @ http://localhost:5199/@fs/C:/Users/Agustin%20Delgado/Desktop/Agustin/svelte-components/packages/ui/src/lib/clock/hooks/use-wheel-scroll.svelte.ts:65
[  563385ms] [INFO] [Clock.WheelDebug] {event: scrollend-ignored-while-snapping, t: 563378.5, gestureId: 1, supportsScrollEnd: true} @ http://localhost:5199/@fs/C:/Users/Agustin%20Delgado/Desktop/Agustin/svelte-components/packages/ui/src/lib/clock/hooks/use-wheel-scroll.svelte.ts:65
[  575150ms] [INFO] [Clock.WheelDebug] {event: gesture-start, t: 575143.4, gestureId: 1, supportsScrollEnd: true, scrollTop: 448} @ http://localhost:5199/@fs/C:/Users/Agustin%20Delgado/Desktop/Agustin/svelte-components/packages/ui/src/lib/clock/hooks/use-wheel-scroll.svelte.ts:65
[  575157ms] [INFO] [Clock.WheelDebug] {event: scroll-ignored-while-snapping, t: 575149.4, gestureId: 1, supportsScrollEnd: true} @ http://localhost:5199/@fs/C:/Users/Agustin%20Delgado/Desktop/Agustin/svelte-components/packages/ui/src/lib/clock/hooks/use-wheel-scroll.svelte.ts:65
[  575167ms] [INFO] [Clock.WheelDebug] {event: scrollend-ignored-while-snapping, t: 575160, gestureId: 1, supportsScrollEnd: true} @ http://localhost:5199/@fs/C:/Users/Agustin%20Delgado/Desktop/Agustin/svelte-components/packages/ui/src/lib/clock/hooks/use-wheel-scroll.svelte.ts:65
[  575173ms] [INFO] [Clock.WheelDebug] {event: gesture-start, t: 575161.7, gestureId: 1, supportsScrollEnd: true, scrollTop: 960} @ http://localhost:5199/@fs/C:/Users/Agustin%20Delgado/Desktop/Agustin/svelte-components/packages/ui/src/lib/clock/hooks/use-wheel-scroll.svelte.ts:65
[  575176ms] [INFO] [Clock.WheelDebug] {event: scroll-ignored-while-snapping, t: 575169.3, gestureId: 1, supportsScrollEnd: true} @ http://localhost:5199/@fs/C:/Users/Agustin%20Delgado/Desktop/Agustin/svelte-components/packages/ui/src/lib/clock/hooks/use-wheel-scroll.svelte.ts:65
[  575178ms] [INFO] [Clock.WheelDebug] {event: scrollend-ignored-while-snapping, t: 575171.6, gestureId: 1, supportsScrollEnd: true} @ http://localhost:5199/@fs/C:/Users/Agustin%20Delgado/Desktop/Agustin/svelte-components/packages/ui/src/lib/clock/hooks/use-wheel-scroll.svelte.ts:65
[  575179ms] [INFO] [Clock.WheelDebug] {event: gesture-start, t: 575172.2, gestureId: 1, supportsScrollEnd: true, scrollTop: 480} @ http://localhost:5199/@fs/C:/Users/Agustin%20Delgado/Desktop/Agustin/svelte-components/packages/ui/src/lib/clock/hooks/use-wheel-scroll.svelte.ts:65
[  575180ms] [INFO] [Clock.WheelDebug] {event: scroll-ignored-while-snapping, t: 575172.7, gestureId: 1, supportsScrollEnd: true} @ http://localhost:5199/@fs/C:/Users/Agustin%20Delgado/Desktop/Agustin/svelte-components/packages/ui/src/lib/clock/hooks/use-wheel-scroll.svelte.ts:65
[  575188ms] [INFO] [Clock.WheelDebug] {event: scrollend-ignored-while-snapping, t: 575180.2, gestureId: 1, supportsScrollEnd: true} @ http://localhost:5199/@fs/C:/Users/Agustin%20Delgado/Desktop/Agustin/svelte-components/packages/ui/src/lib/clock/hooks/use-wheel-scroll.svelte.ts:65
[  575189ms] [INFO] [Clock.WheelDebug] {event: gesture-start, t: 575182, gestureId: 1, supportsScrollEnd: true, scrollTop: 960} @ http://localhost:5199/@fs/C:/Users/Agustin%20Delgado/Desktop/Agustin/svelte-components/packages/ui/src/lib/clock/hooks/use-wheel-scroll.svelte.ts:65
[  575195ms] [INFO] [Clock.WheelDebug] {event: scroll-ignored-while-snapping, t: 575188.5, gestureId: 1, supportsScrollEnd: true} @ http://localhost:5199/@fs/C:/Users/Agustin%20Delgado/Desktop/Agustin/svelte-components/packages/ui/src/lib/clock/hooks/use-wheel-scroll.svelte.ts:65
[  575202ms] [INFO] [Clock.WheelDebug] {event: scrollend-ignored-while-snapping, t: 575195.6, gestureId: 1, supportsScrollEnd: true} @ http://localhost:5199/@fs/C:/Users/Agustin%20Delgado/Desktop/Agustin/svelte-components/packages/ui/src/lib/clock/hooks/use-wheel-scroll.svelte.ts:65
[  575212ms] [INFO] [Clock.WheelDebug] {event: gesture-start, t: 575205, gestureId: 1, supportsScrollEnd: true, scrollTop: 280} @ http://localhost:5199/@fs/C:/Users/Agustin%20Delgado/Desktop/Agustin/svelte-components/packages/ui/src/lib/clock/hooks/use-wheel-scroll.svelte.ts:65
[  575223ms] [INFO] [Clock.WheelDebug] {event: scroll-ignored-while-snapping, t: 575213.9, gestureId: 1, supportsScrollEnd: true} @ http://localhost:5199/@fs/C:/Users/Agustin%20Delgado/Desktop/Agustin/svelte-components/packages/ui/src/lib/clock/hooks/use-wheel-scroll.svelte.ts:65
[  575234ms] [INFO] [Clock.WheelDebug] {event: scrollend-ignored-while-snapping, t: 575226.9, gestureId: 1, supportsScrollEnd: true} @ http://localhost:5199/@fs/C:/Users/Agustin%20Delgado/Desktop/Agustin/svelte-components/packages/ui/src/lib/clock/hooks/use-wheel-scroll.svelte.ts:65
[  575237ms] [INFO] [Clock.WheelDebug] {event: gesture-start, t: 575230.1, gestureId: 1, supportsScrollEnd: true, scrollTop: 1440} @ http://localhost:5199/@fs/C:/Users/Agustin%20Delgado/Desktop/Agustin/svelte-components/packages/ui/src/lib/clock/hooks/use-wheel-scroll.svelte.ts:65
[  575247ms] [INFO] [Clock.WheelDebug] {event: scroll-ignored-while-snapping, t: 575238.5, gestureId: 1, supportsScrollEnd: true} @ http://localhost:5199/@fs/C:/Users/Agustin%20Delgado/Desktop/Agustin/svelte-components/packages/ui/src/lib/clock/hooks/use-wheel-scroll.svelte.ts:65
[  575315ms] [INFO] [Clock.WheelDebug] {event: scrollend-ignored-while-snapping, t: 575307.7, gestureId: 1, supportsScrollEnd: true} @ http://localhost:5199/@fs/C:/Users/Agustin%20Delgado/Desktop/Agustin/svelte-components/packages/ui/src/lib/clock/hooks/use-wheel-scroll.svelte.ts:65
[  576095ms] [INFO] [Clock.WheelDebug] {event: scroll-ignored-while-snapping, t: 576087.2, gestureId: 1, supportsScrollEnd: true} @ http://localhost:5199/@fs/C:/Users/Agustin%20Delgado/Desktop/Agustin/svelte-components/packages/ui/src/lib/clock/hooks/use-wheel-scroll.svelte.ts:65
[  576096ms] [INFO] [Clock.WheelDebug] {event: scrollend-ignored-while-snapping, t: 576088.9, gestureId: 1, supportsScrollEnd: true} @ http://localhost:5199/@fs/C:/Users/Agustin%20Delgado/Desktop/Agustin/svelte-components/packages/ui/src/lib/clock/hooks/use-wheel-scroll.svelte.ts:65
[  576106ms] [INFO] [Clock.WheelDebug] {event: gesture-start, t: 576091.1, gestureId: 1, supportsScrollEnd: true, scrollTop: 32} @ http://localhost:5199/@fs/C:/Users/Agustin%20Delgado/Desktop/Agustin/svelte-components/packages/ui/src/lib/clock/hooks/use-wheel-scroll.svelte.ts:65
[  576106ms] [INFO] [Clock.WheelDebug] {event: scroll-ignored-while-snapping, t: 576099.4, gestureId: 1, supportsScrollEnd: true} @ http://localhost:5199/@fs/C:/Users/Agustin%20Delgado/Desktop/Agustin/svelte-components/packages/ui/src/lib/clock/hooks/use-wheel-scroll.svelte.ts:65
[  576106ms] [INFO] [Clock.WheelDebug] {event: scrollend-ignored-while-snapping, t: 576099.6, gestureId: 1, supportsScrollEnd: true} @ http://localhost:5199/@fs/C:/Users/Agustin%20Delgado/Desktop/Agustin/svelte-components/packages/ui/src/lib/clock/hooks/use-wheel-scroll.svelte.ts:65
